###############################################################################
#
# IAR ELF Linker V7.20.2.7424/W32 for ARM                 17/Mar/2026  09:09:29
# Copyright 2007-2014 IAR Systems AB.
#
#    Output file  =  
#        F:\почта\UD\CHREP_V3_2\EWARM\vectorPWM Configuration\Exe\vectorPWM
#        Configuration.out
#    Map file     =  
#        F:\почта\UD\CHREP_V3_2\EWARM\vectorPWM Configuration/List\vectorPWM
#        Configuration.map
#    Command line =  
#        "F:\почта\UD\CHREP_V3_2\EWARM\vectorPWM Configuration\Obj\alarms.o"
#        "F:\почта\UD\CHREP_V3_2\EWARM\vectorPWM Configuration\Obj\Appl_sec.o"
#        "F:\почта\UD\CHREP_V3_2\EWARM\vectorPWM Configuration\Obj\archive.o"
#        "F:\почта\UD\CHREP_V3_2\EWARM\vectorPWM Configuration\Obj\at_com4.o"
#        "F:\почта\UD\CHREP_V3_2\EWARM\vectorPWM Configuration\Obj\base1.o"
#        "F:\почта\UD\CHREP_V3_2\EWARM\vectorPWM Configuration\Obj\bvi.o"
#        "F:\почта\UD\CHREP_V3_2\EWARM\vectorPWM Configuration\Obj\coder.o"
#        "F:\почта\UD\CHREP_V3_2\EWARM\vectorPWM Configuration\Obj\DS18B20.o"
#        "F:\почта\UD\CHREP_V3_2\EWARM\vectorPWM Configuration\Obj\dynaGram.o"
#        "F:\почта\UD\CHREP_V3_2\EWARM\vectorPWM Configuration\Obj\fppp3.o"
#        "F:\почта\UD\CHREP_V3_2\EWARM\vectorPWM Configuration\Obj\fram.o"
#        "F:\почта\UD\CHREP_V3_2\EWARM\vectorPWM Configuration\Obj\fram1.o"
#        "F:\почта\UD\CHREP_V3_2\EWARM\vectorPWM
#        Configuration\Obj\init_pin_sim.o"
#        "F:\почта\UD\CHREP_V3_2\EWARM\vectorPWM Configuration\Obj\InitParam.o"
#        "F:\почта\UD\CHREP_V3_2\EWARM\vectorPWM Configuration\Obj\interr4.o"
#        "F:\почта\UD\CHREP_V3_2\EWARM\vectorPWM
#        Configuration\Obj\ldterm_stm.o"
#        "F:\почта\UD\CHREP_V3_2\EWARM\vectorPWM Configuration\Obj\ledmd.o"
#        "F:\почта\UD\CHREP_V3_2\EWARM\vectorPWM Configuration\Obj\logs.o"
#        "F:\почта\UD\CHREP_V3_2\EWARM\vectorPWM Configuration\Obj\main.o"
#        "F:\почта\UD\CHREP_V3_2\EWARM\vectorPWM Configuration\Obj\modbus.o"
#        "F:\почта\UD\CHREP_V3_2\EWARM\vectorPWM Configuration\Obj\pins_stm.o"
#        "F:\почта\UD\CHREP_V3_2\EWARM\vectorPWM
#        Configuration\Obj\prepare_sim800.o"
#        "F:\почта\UD\CHREP_V3_2\EWARM\vectorPWM Configuration\Obj\pwm.o"
#        "F:\почта\UD\CHREP_V3_2\EWARM\vectorPWM
#        Configuration\Obj\read_write.o"
#        "F:\почта\UD\CHREP_V3_2\EWARM\vectorPWM
#        Configuration\Obj\scenario_softAP.o"
#        "F:\почта\UD\CHREP_V3_2\EWARM\vectorPWM Configuration\Obj\spvisor.o"
#        "F:\почта\UD\CHREP_V3_2\EWARM\vectorPWM Configuration\Obj\sram_rtc.o"
#        "F:\почта\UD\CHREP_V3_2\EWARM\vectorPWM
#        Configuration\Obj\startup_stm32f417xx.o"
#        "F:\почта\UD\CHREP_V3_2\EWARM\vectorPWM
#        Configuration\Obj\stm32f4xx_hal.o"
#        "F:\почта\UD\CHREP_V3_2\EWARM\vectorPWM
#        Configuration\Obj\stm32f4xx_hal_adc.o"
#        "F:\почта\UD\CHREP_V3_2\EWARM\vectorPWM
#        Configuration\Obj\stm32f4xx_hal_adc_ex.o"
#        "F:\почта\UD\CHREP_V3_2\EWARM\vectorPWM
#        Configuration\Obj\stm32f4xx_hal_cortex.o"
#        "F:\почта\UD\CHREP_V3_2\EWARM\vectorPWM
#        Configuration\Obj\stm32f4xx_hal_dac.o"
#        "F:\почта\UD\CHREP_V3_2\EWARM\vectorPWM
#        Configuration\Obj\stm32f4xx_hal_dma.o"
#        "F:\почта\UD\CHREP_V3_2\EWARM\vectorPWM
#        Configuration\Obj\stm32f4xx_hal_dma_ex.o"
#        "F:\почта\UD\CHREP_V3_2\EWARM\vectorPWM
#        Configuration\Obj\stm32f4xx_hal_flash.o"
#        "F:\почта\UD\CHREP_V3_2\EWARM\vectorPWM
#        Configuration\Obj\stm32f4xx_hal_flash_ex.o"
#        "F:\почта\UD\CHREP_V3_2\EWARM\vectorPWM
#        Configuration\Obj\stm32f4xx_hal_flash_ramfunc.o"
#        "F:\почта\UD\CHREP_V3_2\EWARM\vectorPWM
#        Configuration\Obj\stm32f4xx_hal_gpio.o"
#        "F:\почта\UD\CHREP_V3_2\EWARM\vectorPWM
#        Configuration\Obj\stm32f4xx_hal_iwdg.o"
#        "F:\почта\UD\CHREP_V3_2\EWARM\vectorPWM
#        Configuration\Obj\stm32f4xx_hal_msp.o"
#        "F:\почта\UD\CHREP_V3_2\EWARM\vectorPWM
#        Configuration\Obj\stm32f4xx_hal_pcd.o"
#        "F:\почта\UD\CHREP_V3_2\EWARM\vectorPWM
#        Configuration\Obj\stm32f4xx_hal_pcd_ex.o"
#        "F:\почта\UD\CHREP_V3_2\EWARM\vectorPWM
#        Configuration\Obj\stm32f4xx_hal_pwr.o"
#        "F:\почта\UD\CHREP_V3_2\EWARM\vectorPWM
#        Configuration\Obj\stm32f4xx_hal_pwr_ex.o"
#        "F:\почта\UD\CHREP_V3_2\EWARM\vectorPWM
#        Configuration\Obj\stm32f4xx_hal_rcc.o"
#        "F:\почта\UD\CHREP_V3_2\EWARM\vectorPWM
#        Configuration\Obj\stm32f4xx_hal_rcc_ex.o"
#        "F:\почта\UD\CHREP_V3_2\EWARM\vectorPWM
#        Configuration\Obj\stm32f4xx_hal_rng.o"
#        "F:\почта\UD\CHREP_V3_2\EWARM\vectorPWM
#        Configuration\Obj\stm32f4xx_hal_rtc.o"
#        "F:\почта\UD\CHREP_V3_2\EWARM\vectorPWM
#        Configuration\Obj\stm32f4xx_hal_rtc_ex.o"
#        "F:\почта\UD\CHREP_V3_2\EWARM\vectorPWM
#        Configuration\Obj\stm32f4xx_hal_spi.o"
#        "F:\почта\UD\CHREP_V3_2\EWARM\vectorPWM
#        Configuration\Obj\stm32f4xx_hal_tim.o"
#        "F:\почта\UD\CHREP_V3_2\EWARM\vectorPWM
#        Configuration\Obj\stm32f4xx_hal_tim_ex.o"
#        "F:\почта\UD\CHREP_V3_2\EWARM\vectorPWM
#        Configuration\Obj\stm32f4xx_hal_uart.o"
#        "F:\почта\UD\CHREP_V3_2\EWARM\vectorPWM
#        Configuration\Obj\stm32f4xx_it.o"
#        "F:\почта\UD\CHREP_V3_2\EWARM\vectorPWM
#        Configuration\Obj\stm32f4xx_ll_usb.o"
#        "F:\почта\UD\CHREP_V3_2\EWARM\vectorPWM
#        Configuration\Obj\system_stm32f4xx.o"
#        "F:\почта\UD\CHREP_V3_2\EWARM\vectorPWM
#        Configuration\Obj\usb_device.o"
#        "F:\почта\UD\CHREP_V3_2\EWARM\vectorPWM Configuration\Obj\usbd_cdc.o"
#        "F:\почта\UD\CHREP_V3_2\EWARM\vectorPWM
#        Configuration\Obj\usbd_cdc_if.o"
#        "F:\почта\UD\CHREP_V3_2\EWARM\vectorPWM Configuration\Obj\usbd_conf.o"
#        "F:\почта\UD\CHREP_V3_2\EWARM\vectorPWM Configuration\Obj\usbd_core.o"
#        "F:\почта\UD\CHREP_V3_2\EWARM\vectorPWM
#        Configuration\Obj\usbd_ctlreq.o"
#        "F:\почта\UD\CHREP_V3_2\EWARM\vectorPWM Configuration\Obj\usbd_desc.o"
#        "F:\почта\UD\CHREP_V3_2\EWARM\vectorPWM
#        Configuration\Obj\usbd_ioreq.o"
#        "F:\почта\UD\CHREP_V3_2\EWARM\vectorPWM Configuration\Obj\utils.o" -o
#        "F:\почта\UD\CHREP_V3_2\EWARM\vectorPWM Configuration\Exe\vectorPWM
#        Configuration.out" --map "F:\почта\UD\CHREP_V3_2\EWARM\vectorPWM
#        Configuration/List\vectorPWM Configuration.map" --config
#        F:\почта\UD\CHREP_V3_2\EWARM\stm32f417xx_flash.icf --semihosting
#        --entry __iar_program_start --redirect
#        __iar_sh_stdout=__iar_sh_stdout_swo "C:\Program Files (x86)\IAR
#        Systems\Embedded Workbench
#        7.0_2\arm\CMSIS\Lib\IAR\iar_cortexM4lf_math.a" --vfe
#
###############################################################################

*******************************************************************************
*** RUNTIME MODEL ATTRIBUTES
***

CppFlavor       = *
__Heap_Handler  = DLMalloc
__SystemLibrary = DLib


*******************************************************************************
*** PLACEMENT SUMMARY
***

"A1":  place at 0x08000000 { ro section .intvec };
"P1":  place in [from 0x08000000 to 0x080fffff] { ro };
"P2":  place in [from 0x20000000 to 0x2001ffff] { rw, block CSTACK, block HEAP };

  Section             Kind        Address     Size  Object
  -------             ----        -------     ----  ------
"A1":                                        0x188
  .intvec             ro code  0x08000000    0x188  startup_stm32f417xx.o [1]
                             - 0x08000188    0x188

"P1":                                      0x45897
  .rodata             const    0x08000188   0x9450  InitParam.o [1]
  .text               ro code  0x080095d8   0x62d6  main.o [1]
  .text               ro code  0x0800f8ae     0x22  zero_init3.o [6]
  .text               ro code  0x0800f8d0     0x1c  sqrtf.o [5]
  .text               ro code  0x0800f8ec     0x4e  FltToDbl.o [5]
  .text               ro code  0x0800f93a      0xa  xsprout.o [3]
  .text               ro code  0x0800f944    0x100  sqrt.o [5]
  .text               ro code  0x0800fa44     0x90  DblToFlt.o [5]
  .text               ro code  0x0800fad4   0x1640  sram_rtc.o [1]
  .text               ro code  0x08011114    0x3d0  stm32f4xx_hal_gpio.o [1]
  .text               ro code  0x080114e4   0x3b10  modbus.o [1]
  .text               ro code  0x08014ff4     0x88  stm32f4xx_hal.o [1]
  .text               ro code  0x0801507c   0x127c  alarms.o [1]
  .text               ro code  0x080162f8    0x424  stm32f4xx_hal_rtc.o [1]
  .text               ro code  0x0801671c     0x76  ABImemcpy_unaligned.o [6]
  .rodata             const    0x08016792      0x2  utils.o [1]
  .text               ro code  0x08016794   0x10b4  archive.o [1]
  .text               ro code  0x08017848    0xa84  stm32f4xx_hal_uart.o [1]
  .text               ro code  0x080182cc   0x4120  pwm.o [1]
  .text               ro code  0x0801c3ec    0x598  fram.o [1]
  .text               ro code  0x0801c984   0x1204  dynaGram.o [1]
  .text               ro code  0x0801db88    0x59c  stm32f4xx_hal_adc.o [1]
  .text               ro code  0x0801e124    0x190  stm32f4xx_hal_adc_ex.o [1]
  .text               ro code  0x0801e2b4    0x848  DS18B20.o [1]
  .text               ro code  0x0801eafc     0x34  usb_device.o [1]
  .text               ro code  0x0801eb30   0x3eb2  base1.o [1]
  .text               ro code  0x080229e2     0xd4  stm32f4xx_hal_iwdg.o [1]
  .text               ro code  0x08022ab8    0x26c  bvi.o [1]
  .text               ro code  0x08022d24    0xeb4  scenario_softAP.o [1]
  .text               ro code  0x08023bd8    0xbd4  interr4.o [1]
  .text               ro code  0x080247ac    0x142  stm32f4xx_hal_dac.o [1]
  .text               ro code  0x080248f0     0xd4  usbd_cdc_if.o [1]
  .text               ro code  0x080249c4     0x30  I32ToDbl.o [5]
  .text               ro code  0x080249f4     0x2e  DblCmpLe.o [5]
  .text               ro code  0x08024a24    0x760  stm32f4xx_hal_rcc.o [1]
  .text               ro code  0x08025184    0x18c  stm32f4xx_hal_cortex.o [1]
  .text               ro code  0x08025310    0xafc  stm32f4xx_hal_tim.o [1]
  .text               ro code  0x08025e0c     0xa6  stm32f4xx_hal_tim_ex.o [1]
  .text               ro code  0x08025eb4     0x64  init_pin_sim.o [1]
  .text               ro code  0x08025f18     0x5e  arm_rms_q15.o [4]
  .text               ro code  0x08025f78     0xe8  DblAdd.o [5]
  .text               ro code  0x08026060    0x246  DblDiv.o [5]
  .text               ro code  0x080262a8    0x180  DblSub.o [5]
  .text               ro code  0x08026428      0xc  iarEdom.o [6]
  .text               ro code  0x08026434     0x18  stm32f4xx_hal_pwr.o [1]
  .text               ro code  0x0802644c     0x40  stm32f4xx_hal_pwr_ex.o [1]
  .text               ro code  0x0802648c    0x174  stm32f4xx_hal_rcc_ex.o [1]
  .text               ro code  0x08026600     0x26  stm32f4xx_hal_rtc_ex.o [1]
  .text               ro code  0x08026628     0x2c  DblToI32.o [5]
  .text               ro code  0x08026654    0x274  prepare_sim800.o [1]
  .text               ro code  0x080268c8    0x5cc  stm32f4xx_hal_msp.o [1]
  .text               ro code  0x08026e94   0x395a  stm32f4xx_hal_dma.o [1]
  .text               ro code  0x0802a7f0     0x34  arm_sin_q15.o [4]
  .text               ro code  0x0802a824     0x44  arm_cos_q15.o [4]
  .text               ro code  0x0802a868     0x2e  DblCmpGe.o [5]
  .text               ro code  0x0802a898     0x50  atanf.o [5]
  .text               ro code  0x0802a8e8    0x346  usbd_core.o [1]
  .text               ro code  0x0802ac30    0x2f4  usbd_cdc.o [1]
  .text               ro code  0x0802af24     0xe0  pins_stm.o [1]
  .text               ro code  0x0802b004    0x568  fram1.o [1]
  .text               ro code  0x0802b56c    0x140  logs.o [1]
  .text               ro code  0x0802b6ac    0x1d4  coder.o [1]
  .text               ro code  0x0802b880   0x3a70  fppp3.o [1]
  .text               ro code  0x0802f2f0     0x30  spvisor.o [1]
  .text               ro code  0x0802f320   0x1420  at_com4.o [1]
  .text               ro code  0x08030740    0x154  ldterm_stm.o [1]
  .text               ro code  0x08030894     0x34  sprintf.o [3]
  .text               ro code  0x080308c8   0x4934  utils.o [1]
  .text               ro code  0x080351fc     0xc4  ledmd.o [1]
  .text               ro code  0x080352c0    0x132  I64DivMod.o [6]
  .text               ro code  0x080353f4     0xec  arm_sqrt_q15.o [4]
  .text               ro code  0x080354e0      0xc  errno.o [3]
  .text               ro code  0x080354ec     0xa4  xatanf.o [5]
  .text               ro code  0x08035590    0x52e  usbd_conf.o [1]
  .text               ro code  0x08035ac0    0x65e  usbd_ctlreq.o [1]
  .text               ro code  0x0803611e     0xbc  usbd_ioreq.o [1]
  .text               ro code  0x080361dc   0x1500  dlmalloc.o [3]
  .text               ro code  0x080376dc     0xe0  rand.o [3]
  .text               ro code  0x080377bc     0x66  ABImemset.o [6]
  .text               ro code  0x08037824     0x44  strcpy_unaligned.o [6]
  .text               ro code  0x08037868     0x36  strlen.o [6]
  .text               ro code  0x080378a0    0xc02  xprintflarge_nomb.o [3]
  .text               ro code  0x080384a4     0x42  strcmp_unaligned.o [6]
  .text               ro code  0x080384e6      0x8  atoi.o [3]
  .text               ro code  0x080384ee     0x1c  strcat.o [3]
  .text               ro code  0x0803850c    0x18c  read_write.o [1]
  .text               ro code  0x08038698      0x8  atol.o [3]
  .text               ro code  0x080386a0     0x10  atof.o [5]
  .text               ro code  0x080386b0   0x3098  InitParam.o [1]
  .text               ro code  0x0803b748      0x2  I64DivZer.o [6]
  .text               ro code  0x0803b74a      0x2  xtls.o [3]
  .text               ro code  0x0803b74c    0x9e8  stm32f4xx_hal_pcd.o [1]
  .text               ro code  0x0803c134     0x6e  stm32f4xx_hal_pcd_ex.o [1]
  .text               ro code  0x0803c1a2      0x6  abort.o [3]
  .text               ro code  0x0803c1a8     0x2c  xgetmemchunk.o [3]
  .text               ro code  0x0803c1d4     0x16  strchr.o [6]
  .text               ro code  0x0803c1ec     0x58  memchr.o [6]
  .text               ro code  0x0803c244     0x42  xdnorm.o [5]
  .text               ro code  0x0803c288    0x1a2  DblMul.o [5]
  .text               ro code  0x0803c42a      0xe  div.o [3]
  .text               ro code  0x0803c438    0x19c  xstoul.o [3]
  .text               ro code  0x0803c5d4    0x168  xstod.o [5]
  .text               ro code  0x0803c73c    0xd3c  stm32f4xx_ll_usb.o [1]
  .text               ro code  0x0803d478     0x14  exit.o [7]
  .text               ro code  0x0803d48c    0x130  xstopfx.o [3]
  .text               ro code  0x0803d5bc    0x1b4  xstoflt.o [3]
  .text               ro code  0x0803d770    0x200  xdtento.o [5]
  .text               ro code  0x0803d970    0x200  xstoxflt.o [3]
  .text               ro code  0x0803db70    0x114  xdscale.o [5]
  .text               ro code  0x0803dc84     0x20  DblCmpEq.o [5]
  .text               ro code  0x0803dca4     0x56  xdunscal.o [5]
  .rodata             const    0x0803dcfc   0x2f40  InitParam.o [1]
  .rodata             const    0x08040c3c    0x9d8  InitParam.o [1]
  .rodata             const    0x08041614    0x604  InitParam.o [1]
  .rodata             const    0x08041c18    0x404  arm_common_tables.o [4]
  .rodata             const    0x0804201c    0x200  fppp3.o [1]
  .text               ro code  0x0804221c    0x1c2  lz77_init.o [6]
  .rodata             const    0x080423e0    0x164  utils.o [1]
  .rodata             const    0x08042544    0x148  utils.o [1]
  .rodata             const    0x0804268c    0x100  base1.o [1]
  .rodata             const    0x0804278c    0x100  base1.o [1]
  .text               ro code  0x0804288c     0xe0  usbd_desc.o [1]
  .text               ro code  0x0804296c     0xd8  stm32f4xx_it.o [1]
  .rodata             const    0x08042a44     0xd4  utils.o [1]
  .rodata             const    0x08042b18     0xac  utils.o [1]
  .rodata             const    0x08042bc4     0x94  utils.o [1]
  .text               ro code  0x08042c58     0x6c  system_stm32f4xx.o [1]
  .rodata             const    0x08042cc4     0x68  InitParam.o [1]
  .rodata             const    0x08042d2c     0x64  InitParam.o [1]
  .rodata             const    0x08042d90     0x58  utils.o [1]
  .rodata             const    0x08042de8     0x54  utils.o [1]
  .rodata             const    0x08042e3c     0x50  InitParam.o [1]
  .rodata             const    0x08042e8c     0x4c  InitParam.o [1]
  .rodata             const    0x08042ed8     0x4c  InitParam.o [1]
  .rodata             const    0x08042f24     0x4c  InitParam.o [1]
  .rodata             const    0x08042f70     0x4c  InitParam.o [1]
  .rodata             const    0x08042fbc     0x4c  InitParam.o [1]
  .rodata             const    0x08043008     0x4c  InitParam.o [1]
  .rodata             const    0x08043054     0x4c  InitParam.o [1]
  .rodata             const    0x080430a0     0x4c  InitParam.o [1]
  .rodata             const    0x080430ec     0x4c  InitParam.o [1]
  .rodata             const    0x08043138     0x4c  utils.o [1]
  .rodata             const    0x08043184     0x4c  utils.o [1]
  .rodata             const    0x080431d0     0x44  utils.o [1]
  .rodata             const    0x08043214     0x40  InitParam.o [1]
  .rodata             const    0x08043254     0x40  InitParam.o [1]
  .rodata             const    0x08043294     0x40  InitParam.o [1]
  .rodata             const    0x080432d4     0x3c  InitParam.o [1]
  .rodata             const    0x08043310     0x3c  InitParam.o [1]
  .rodata             const    0x0804334c     0x3c  InitParam.o [1]
  .rodata             const    0x08043388     0x38  InitParam.o [1]
  .rodata             const    0x080433c0     0x38  InitParam.o [1]
  .rodata             const    0x080433f8     0x38  InitParam.o [1]
  .rodata             const    0x08043430     0x38  InitParam.o [1]
  .rodata             const    0x08043468     0x38  InitParam.o [1]
  .rodata             const    0x080434a0     0x38  InitParam.o [1]
  .rodata             const    0x080434d8     0x38  InitParam.o [1]
  .rodata             const    0x08043510     0x38  InitParam.o [1]
  .rodata             const    0x08043548     0x38  InitParam.o [1]
  .rodata             const    0x08043580     0x38  InitParam.o [1]
  .rodata             const    0x080435b8     0x38  InitParam.o [1]
  .rodata             const    0x080435f0     0x38  InitParam.o [1]
  .rodata             const    0x08043628     0x38  InitParam.o [1]
  .rodata             const    0x08043660     0x38  InitParam.o [1]
  .rodata             const    0x08043698     0x38  InitParam.o [1]
  .rodata             const    0x080436d0     0x34  InitParam.o [1]
  .rodata             const    0x08043704     0x34  InitParam.o [1]
  .rodata             const    0x08043738     0x34  InitParam.o [1]
  .rodata             const    0x0804376c     0x34  InitParam.o [1]
  .rodata             const    0x080437a0     0x34  InitParam.o [1]
  .rodata             const    0x080437d4     0x34  InitParam.o [1]
  .rodata             const    0x08043808     0x34  InitParam.o [1]
  .rodata             const    0x0804383c     0x34  InitParam.o [1]
  .rodata             const    0x08043870     0x34  InitParam.o [1]
  .rodata             const    0x080438a4     0x34  InitParam.o [1]
  .rodata             const    0x080438d8     0x34  InitParam.o [1]
  .rodata             const    0x0804390c     0x34  InitParam.o [1]
  .rodata             const    0x08043940     0x34  InitParam.o [1]
  .rodata             const    0x08043974     0x34  InitParam.o [1]
  .rodata             const    0x080439a8     0x34  InitParam.o [1]
  .rodata             const    0x080439dc     0x34  InitParam.o [1]
  .rodata             const    0x08043a10     0x34  InitParam.o [1]
  .rodata             const    0x08043a44     0x34  InitParam.o [1]
  .rodata             const    0x08043a78     0x34  InitParam.o [1]
  .rodata             const    0x08043aac     0x34  InitParam.o [1]
  .rodata             const    0x08043ae0     0x34  InitParam.o [1]
  .rodata             const    0x08043b14     0x34  InitParam.o [1]
  .rodata             const    0x08043b48     0x34  InitParam.o [1]
  .rodata             const    0x08043b7c     0x34  InitParam.o [1]
  .rodata             const    0x08043bb0     0x30  InitParam.o [1]
  .rodata             const    0x08043be0     0x30  InitParam.o [1]
  .rodata             const    0x08043c10     0x30  InitParam.o [1]
  .rodata             const    0x08043c40     0x30  InitParam.o [1]
  .rodata             const    0x08043c70     0x30  InitParam.o [1]
  .rodata             const    0x08043ca0     0x30  InitParam.o [1]
  .rodata             const    0x08043cd0     0x30  InitParam.o [1]
  .rodata             const    0x08043d00     0x30  InitParam.o [1]
  .rodata             const    0x08043d30     0x30  InitParam.o [1]
  .rodata             const    0x08043d60     0x30  InitParam.o [1]
  .rodata             const    0x08043d90     0x30  InitParam.o [1]
  .rodata             const    0x08043dc0     0x30  InitParam.o [1]
  .rodata             const    0x08043df0     0x30  InitParam.o [1]
  .rodata             const    0x08043e20     0x30  utils.o [1]
  .rodata             const    0x08043e50     0x2c  InitParam.o [1]
  .rodata             const    0x08043e7c     0x2c  InitParam.o [1]
  .rodata             const    0x08043ea8     0x2c  InitParam.o [1]
  .rodata             const    0x08043ed4     0x2c  InitParam.o [1]
  .rodata             const    0x08043f00     0x2c  InitParam.o [1]
  .rodata             const    0x08043f2c     0x2c  InitParam.o [1]
  .rodata             const    0x08043f58     0x2c  scenario_softAP.o [1]
  .rodata             const    0x08043f84     0x2c  utils.o [1]
  .rodata             const    0x08043fb0     0x2c  utils.o [1]
  .rodata             const    0x08043fdc     0x2c  utils.o [1]
  .rodata             const    0x08044008     0x28  InitParam.o [1]
  .rodata             const    0x08044030     0x28  InitParam.o [1]
  .rodata             const    0x08044058     0x28  InitParam.o [1]
  .rodata             const    0x08044080     0x28  InitParam.o [1]
  .rodata             const    0x080440a8     0x28  InitParam.o [1]
  .rodata             const    0x080440d0     0x28  InitParam.o [1]
  .rodata             const    0x080440f8     0x28  InitParam.o [1]
  .rodata             const    0x08044120     0x28  InitParam.o [1]
  .rodata             const    0x08044148     0x28  InitParam.o [1]
  .rodata             const    0x08044170     0x28  InitParam.o [1]
  .rodata             const    0x08044198     0x28  InitParam.o [1]
  .rodata             const    0x080441c0     0x28  InitParam.o [1]
  .rodata             const    0x080441e8     0x28  InitParam.o [1]
  .rodata             const    0x08044210     0x28  InitParam.o [1]
  .rodata             const    0x08044238     0x28  ldterm_stm.o [1]
  .rodata             const    0x08044260     0x28  main.o [1]
  .rodata             const    0x08044288     0x28  usbd_conf.o [1]
  .rodata             const    0x080442b0     0x28  utils.o [1]
  .rodata             const    0x080442d8     0x28  utils.o [1]
  .rodata             const    0x08044300     0x28  utils.o [1]
  .rodata             const    0x08044328     0x28  utils.o [1]
  .rodata             const    0x08044350     0x28  utils.o [1]
  .text               ro code  0x08044378     0x28  data_init.o [6]
  .rodata             const    0x080443a0     0x24  InitParam.o [1]
  .rodata             const    0x080443c4     0x24  InitParam.o [1]
  .rodata             const    0x080443e8     0x24  InitParam.o [1]
  .rodata             const    0x0804440c     0x24  InitParam.o [1]
  .rodata             const    0x08044430     0x24  InitParam.o [1]
  .rodata             const    0x08044454     0x24  InitParam.o [1]
  .rodata             const    0x08044478     0x24  InitParam.o [1]
  .rodata             const    0x0804449c     0x24  InitParam.o [1]
  .rodata             const    0x080444c0     0x24  InitParam.o [1]
  .rodata             const    0x080444e4     0x24  InitParam.o [1]
  .rodata             const    0x08044508     0x24  InitParam.o [1]
  .rodata             const    0x0804452c     0x24  InitParam.o [1]
  .rodata             const    0x08044550     0x24  InitParam.o [1]
  .rodata             const    0x08044574     0x24  InitParam.o [1]
  .rodata             const    0x08044598     0x24  InitParam.o [1]
  .rodata             const    0x080445bc     0x24  InitParam.o [1]
  .rodata             const    0x080445e0     0x24  InitParam.o [1]
  .rodata             const    0x08044604     0x24  InitParam.o [1]
  .rodata             const    0x08044628     0x24  InitParam.o [1]
  .rodata             const    0x0804464c     0x24  InitParam.o [1]
  .rodata             const    0x08044670     0x24  InitParam.o [1]
  .rodata             const    0x08044694     0x24  InitParam.o [1]
  .rodata             const    0x080446b8     0x24  InitParam.o [1]
  .rodata             const    0x080446dc     0x24  InitParam.o [1]
  .rodata             const    0x08044700     0x24  utils.o [1]
  .rodata             const    0x08044724     0x24  utils.o [1]
  .rodata             const    0x08044748     0x24  utils.o [1]
  .rodata             const    0x0804476c     0x24  utils.o [1]
  .iar.init_table     const    0x08044790     0x2c  - Linker created -
  .rodata             const    0x080447bc     0x20  InitParam.o [1]
  .rodata             const    0x080447dc     0x20  InitParam.o [1]
  .rodata             const    0x080447fc     0x20  InitParam.o [1]
  .rodata             const    0x0804481c     0x20  InitParam.o [1]
  .rodata             const    0x0804483c     0x20  InitParam.o [1]
  .rodata             const    0x0804485c     0x20  InitParam.o [1]
  .rodata             const    0x0804487c     0x20  InitParam.o [1]
  .rodata             const    0x0804489c     0x20  InitParam.o [1]
  .rodata             const    0x080448bc     0x20  InitParam.o [1]
  .rodata             const    0x080448dc     0x20  InitParam.o [1]
  .rodata             const    0x080448fc     0x20  InitParam.o [1]
  .rodata             const    0x0804491c     0x20  utils.o [1]
  .rodata             const    0x0804493c     0x20  utils.o [1]
  .rodata             const    0x0804495c     0x20  utils.o [1]
  .rodata             const    0x0804497c     0x20  utils.o [1]
  .rodata             const    0x0804499c     0x20  utils.o [1]
  .rodata             const    0x080449bc     0x20  utils.o [1]
  .rodata             const    0x080449dc     0x20  utils.o [1]
  .rodata             const    0x080449fc     0x20  utils.o [1]
  .rodata             const    0x08044a1c     0x20  utils.o [1]
  .rodata             const    0x08044a3c     0x20  utils.o [1]
  .rodata             const    0x08044a5c     0x20  utils.o [1]
  .rodata             const    0x08044a7c     0x20  utils.o [1]
  .rodata             const    0x08044a9c     0x20  utils.o [1]
  .rodata             const    0x08044abc     0x1c  InitParam.o [1]
  .rodata             const    0x08044ad8     0x1c  InitParam.o [1]
  .rodata             const    0x08044af4     0x1c  InitParam.o [1]
  .rodata             const    0x08044b10     0x1c  InitParam.o [1]
  .rodata             const    0x08044b2c     0x1c  InitParam.o [1]
  .rodata             const    0x08044b48     0x1c  InitParam.o [1]
  .rodata             const    0x08044b64     0x1c  InitParam.o [1]
  .rodata             const    0x08044b80     0x1c  InitParam.o [1]
  .rodata             const    0x08044b9c     0x1c  InitParam.o [1]
  .rodata             const    0x08044bb8     0x1c  InitParam.o [1]
  .rodata             const    0x08044bd4     0x1c  InitParam.o [1]
  .rodata             const    0x08044bf0     0x1c  InitParam.o [1]
  .rodata             const    0x08044c0c     0x1c  InitParam.o [1]
  .rodata             const    0x08044c28     0x1c  InitParam.o [1]
  .rodata             const    0x08044c44     0x1c  InitParam.o [1]
  .rodata             const    0x08044c60     0x1c  InitParam.o [1]
  .rodata             const    0x08044c7c     0x1c  InitParam.o [1]
  .rodata             const    0x08044c98     0x1c  InitParam.o [1]
  .rodata             const    0x08044cb4     0x1c  InitParam.o [1]
  .rodata             const    0x08044cd0     0x1c  InitParam.o [1]
  .rodata             const    0x08044cec     0x1c  InitParam.o [1]
  .rodata             const    0x08044d08     0x1c  InitParam.o [1]
  .rodata             const    0x08044d24     0x1c  InitParam.o [1]
  .rodata             const    0x08044d40     0x1c  InitParam.o [1]
  .rodata             const    0x08044d5c     0x1c  InitParam.o [1]
  .rodata             const    0x08044d78     0x1c  InitParam.o [1]
  .rodata             const    0x08044d94     0x1c  InitParam.o [1]
  .rodata             const    0x08044db0     0x1c  InitParam.o [1]
  .rodata             const    0x08044dcc     0x1c  InitParam.o [1]
  .rodata             const    0x08044de8     0x1c  scenario_softAP.o [1]
  .rodata             const    0x08044e04     0x1c  utils.o [1]
  .rodata             const    0x08044e20     0x1c  utils.o [1]
  .rodata             const    0x08044e3c     0x1c  utils.o [1]
  .rodata             const    0x08044e58     0x1c  utils.o [1]
  .rodata             const    0x08044e74     0x1c  utils.o [1]
  .rodata             const    0x08044e90     0x1c  utils.o [1]
  .rodata             const    0x08044eac     0x1c  utils.o [1]
  .rodata             const    0x08044ec8     0x1c  utils.o [1]
  .rodata             const    0x08044ee4     0x1c  utils.o [1]
  .rodata             const    0x08044f00     0x1c  utils.o [1]
  .rodata             const    0x08044f1c     0x1c  utils.o [1]
  .text               ro code  0x08044f38     0x1a  fpinit_M.o [5]
  .text               ro code  0x08044f54     0x1a  cmain.o [6]
  .text               ro code  0x08044f6e      0x4  low_level_init.o [3]
  .text               ro code  0x08044f72      0x4  exit.o [3]
  .text               ro code  0x08044f78      0xa  cexit.o [6]
  .rodata             const    0x08044f84     0x18  InitParam.o [1]
  .rodata             const    0x08044f9c     0x18  InitParam.o [1]
  .rodata             const    0x08044fb4     0x18  InitParam.o [1]
  .rodata             const    0x08044fcc     0x18  InitParam.o [1]
  .rodata             const    0x08044fe4     0x18  scenario_softAP.o [1]
  .rodata             const    0x08044ffc     0x18  sram_rtc.o [1]
  .rodata             const    0x08045014     0x18  sram_rtc.o [1]
  .rodata             const    0x0804502c     0x18  usbd_desc.o [1]
  .rodata             const    0x08045044     0x18  utils.o [1]
  .rodata             const    0x0804505c     0x18  utils.o [1]
  .rodata             const    0x08045074     0x18  utils.o [1]
  .rodata             const    0x0804508c     0x14  InitParam.o [1]
  .rodata             const    0x080450a0     0x14  InitParam.o [1]
  .rodata             const    0x080450b4     0x14  InitParam.o [1]
  .rodata             const    0x080450c8     0x14  InitParam.o [1]
  .rodata             const    0x080450dc     0x14  usbd_desc.o [1]
  .rodata             const    0x080450f0     0x14  utils.o [1]
  .rodata             const    0x08045104     0x14  utils.o [1]
  .rodata             const    0x08045118     0x14  utils.o [1]
  .rodata             const    0x0804512c     0x14  utils.o [1]
  .rodata             const    0x08045140     0x14  utils.o [1]
  .rodata             const    0x08045154     0x10  at_com4.o [1]
  .rodata             const    0x08045164     0x10  at_com4.o [1]
  .rodata             const    0x08045174     0x10  at_com4.o [1]
  .rodata             const    0x08045184     0x10  at_com4.o [1]
  .rodata             const    0x08045194     0x10  at_com4.o [1]
  .rodata             const    0x080451a4     0x10  at_com4.o [1]
  .rodata             const    0x080451b4     0x10  at_com4.o [1]
  .rodata             const    0x080451c4     0x10  at_com4.o [1]
  .rodata             const    0x080451d4     0x10  coder.o [1]
  .rodata             const    0x080451e4     0x10  coder.o [1]
  .rodata             const    0x080451f4     0x10  fppp3.o [1]
  .rodata             const    0x08045204     0x10  InitParam.o [1]
  .rodata             const    0x08045214     0x10  InitParam.o [1]
  .rodata             const    0x08045224     0x10  InitParam.o [1]
  .rodata             const    0x08045234     0x10  ldterm_stm.o [1]
  .rodata             const    0x08045244     0x10  scenario_softAP.o [1]
  .rodata             const    0x08045254     0x10  scenario_softAP.o [1]
  .rodata             const    0x08045264     0x10  scenario_softAP.o [1]
  .rodata             const    0x08045274     0x10  scenario_softAP.o [1]
  .rodata             const    0x08045284     0x10  stm32f4xx_hal_rcc.o [1]
  .rodata             const    0x08045294     0x10  usbd_desc.o [1]
  .rodata             const    0x080452a4     0x10  usbd_desc.o [1]
  .rodata             const    0x080452b4     0x10  utils.o [1]
  .rodata             const    0x080452c4     0x10  utils.o [1]
  .rodata             const    0x080452d4     0x10  utils.o [1]
  .rodata             const    0x080452e4     0x10  utils.o [1]
  .rodata             const    0x080452f4     0x10  utils.o [1]
  .rodata             const    0x08045304     0x10  utils.o [1]
  .rodata             const    0x08045314     0x10  utils.o [1]
  .rodata             const    0x08045324     0x10  utils.o [1]
  .text               ro code  0x08045334     0x10  startup_stm32f417xx.o [1]
  .rodata             const    0x08045344      0xc  at_com4.o [1]
  .rodata             const    0x08045350      0xc  at_com4.o [1]
  .rodata             const    0x0804535c      0xc  at_com4.o [1]
  .rodata             const    0x08045368      0xc  at_com4.o [1]
  .rodata             const    0x08045374      0xc  at_com4.o [1]
  .rodata             const    0x08045380      0xc  at_com4.o [1]
  .rodata             const    0x0804538c      0xc  at_com4.o [1]
  .rodata             const    0x08045398      0xc  at_com4.o [1]
  .rodata             const    0x080453a4      0xc  at_com4.o [1]
  .rodata             const    0x080453b0      0xc  at_com4.o [1]
  .rodata             const    0x080453bc      0xc  base1.o [1]
  .rodata             const    0x080453c8      0xc  base1.o [1]
  .rodata             const    0x080453d4      0xc  base1.o [1]
  .rodata             const    0x080453e0      0xc  base1.o [1]
  .rodata             const    0x080453ec      0xc  base1.o [1]
  .rodata             const    0x080453f8      0xc  base1.o [1]
  .rodata             const    0x08045404      0xc  base1.o [1]
  .rodata             const    0x08045410      0xc  base1.o [1]
  .rodata             const    0x0804541c      0xc  base1.o [1]
  .rodata             const    0x08045428      0xc  base1.o [1]
  .rodata             const    0x08045434      0xc  base1.o [1]
  .rodata             const    0x08045440      0xc  base1.o [1]
  .rodata             const    0x0804544c      0xc  base1.o [1]
  .rodata             const    0x08045458      0xc  fppp3.o [1]
  .rodata             const    0x08045464      0xc  fppp3.o [1]
  .rodata             const    0x08045470      0xc  fppp3.o [1]
  .rodata             const    0x0804547c      0xc  fppp3.o [1]
  .rodata             const    0x08045488      0xc  fppp3.o [1]
  .rodata             const    0x08045494      0xc  fppp3.o [1]
  .rodata             const    0x080454a0      0xc  InitParam.o [1]
  .rodata             const    0x080454ac      0xc  InitParam.o [1]
  .rodata             const    0x080454b8      0xc  InitParam.o [1]
  .rodata             const    0x080454c4      0xc  InitParam.o [1]
  .rodata             const    0x080454d0      0xc  InitParam.o [1]
  .rodata             const    0x080454dc      0xc  InitParam.o [1]
  .rodata             const    0x080454e8      0xc  InitParam.o [1]
  .rodata             const    0x080454f4      0xc  InitParam.o [1]
  .rodata             const    0x08045500      0xc  InitParam.o [1]
  .rodata             const    0x0804550c      0xc  InitParam.o [1]
  .rodata             const    0x08045518      0xc  InitParam.o [1]
  .rodata             const    0x08045524      0xc  InitParam.o [1]
  .rodata             const    0x08045530      0xc  InitParam.o [1]
  .rodata             const    0x0804553c      0xc  InitParam.o [1]
  .rodata             const    0x08045548      0xc  InitParam.o [1]
  .rodata             const    0x08045554      0xc  spvisor.o [1]
  .rodata             const    0x08045560      0xc  usbd_desc.o [1]
  .rodata             const    0x0804556c      0xc  utils.o [1]
  .rodata             const    0x08045578      0xc  utils.o [1]
  .rodata             const    0x08045584      0xc  utils.o [1]
  .rodata             const    0x08045590      0xc  utils.o [1]
  .rodata             const    0x0804559c      0xc  utils.o [1]
  .rodata             const    0x080455a8      0xc  utils.o [1]
  .rodata             const    0x080455b4      0xc  utils.o [1]
  .rodata             const    0x080455c0      0xc  utils.o [1]
  .rodata             const    0x080455cc      0xc  utils.o [1]
  .rodata             const    0x080455d8      0xc  utils.o [1]
  .rodata             const    0x080455e4      0xc  utils.o [1]
  .text               ro code  0x080455f0      0xc  cstartup_M.o [6]
  .rodata             const    0x080455fc      0x8  at_com4.o [1]
  .rodata             const    0x08045604      0x8  at_com4.o [1]
  .rodata             const    0x0804560c      0x8  at_com4.o [1]
  .rodata             const    0x08045614      0x8  at_com4.o [1]
  .rodata             const    0x0804561c      0x8  at_com4.o [1]
  .rodata             const    0x08045624      0x8  at_com4.o [1]
  .rodata             const    0x0804562c      0x8  at_com4.o [1]
  .rodata             const    0x08045634      0x8  base1.o [1]
  .rodata             const    0x0804563c      0x8  base1.o [1]
  .rodata             const    0x08045644      0x8  base1.o [1]
  .rodata             const    0x0804564c      0x8  base1.o [1]
  .rodata             const    0x08045654      0x8  base1.o [1]
  .rodata             const    0x0804565c      0x8  base1.o [1]
  .rodata             const    0x08045664      0x8  fppp3.o [1]
  .rodata             const    0x0804566c      0x8  fppp3.o [1]
  .rodata             const    0x08045674      0x8  ldterm_stm.o [1]
  .rodata             const    0x0804567c      0x8  scenario_softAP.o [1]
  .rodata             const    0x08045684      0x8  scenario_softAP.o [1]
  .rodata             const    0x0804568c      0x8  utils.o [1]
  .rodata             const    0x08045694      0x8  utils.o [1]
  .rodata             const    0x0804569c      0x8  utils.o [1]
  .rodata             const    0x080456a4      0x8  utils.o [1]
  .rodata             const    0x080456ac      0x8  utils.o [1]
  .rodata             const    0x080456b4      0x8  utils.o [1]
  .rodata             const    0x080456bc      0x8  utils.o [1]
  .rodata             const    0x080456c4      0x8  utils.o [1]
  .rodata             const    0x080456cc      0x8  utils.o [1]
  .rodata             const    0x080456d4      0x4  utils.o [1]
  .rodata             const    0x080456d8      0x4  utils.o [1]
  .rodata             const    0x080456dc      0x4  utils.o [1]
  .text               ro code  0x080456e0      0x4  startup_stm32f417xx.o [1]
  .text               ro code  0x080456e4      0x4  startup_stm32f417xx.o [1]
  .text               ro code  0x080456e8      0x4  startup_stm32f417xx.o [1]
  .text               ro code  0x080456ec      0x4  startup_stm32f417xx.o [1]
  .text               ro code  0x080456f0      0x4  startup_stm32f417xx.o [1]
  .text               ro code  0x080456f4      0x4  startup_stm32f417xx.o [1]
  .text               ro code  0x080456f8      0x4  startup_stm32f417xx.o [1]
  .text               ro code  0x080456fc      0x4  startup_stm32f417xx.o [1]
  .text               ro code  0x08045700      0x4  startup_stm32f417xx.o [1]
  .text               ro code  0x08045704      0x4  startup_stm32f417xx.o [1]
  .text               ro code  0x08045708      0x4  startup_stm32f417xx.o [1]
  .text               ro code  0x0804570c      0x4  startup_stm32f417xx.o [1]
  .text               ro code  0x08045710      0x4  startup_stm32f417xx.o [1]
  .text               ro code  0x08045714      0x4  startup_stm32f417xx.o [1]
  .text               ro code  0x08045718      0x4  startup_stm32f417xx.o [1]
  .text               ro code  0x0804571c      0x4  startup_stm32f417xx.o [1]
  .text               ro code  0x08045720      0x4  startup_stm32f417xx.o [1]
  .text               ro code  0x08045724      0x4  startup_stm32f417xx.o [1]
  .text               ro code  0x08045728      0x4  startup_stm32f417xx.o [1]
  .text               ro code  0x0804572c      0x4  startup_stm32f417xx.o [1]
  .text               ro code  0x08045730      0x4  startup_stm32f417xx.o [1]
  .text               ro code  0x08045734      0x4  startup_stm32f417xx.o [1]
  .text               ro code  0x08045738      0x4  startup_stm32f417xx.o [1]
  .text               ro code  0x0804573c      0x4  startup_stm32f417xx.o [1]
  .text               ro code  0x08045740      0x4  startup_stm32f417xx.o [1]
  .text               ro code  0x08045744      0x4  startup_stm32f417xx.o [1]
  .text               ro code  0x08045748      0x4  startup_stm32f417xx.o [1]
  .text               ro code  0x0804574c      0x4  startup_stm32f417xx.o [1]
  .text               ro code  0x08045750      0x4  startup_stm32f417xx.o [1]
  .text               ro code  0x08045754      0x4  startup_stm32f417xx.o [1]
  .text               ro code  0x08045758      0x4  startup_stm32f417xx.o [1]
  .text               ro code  0x0804575c      0x4  startup_stm32f417xx.o [1]
  .text               ro code  0x08045760      0x4  startup_stm32f417xx.o [1]
  .text               ro code  0x08045764      0x4  startup_stm32f417xx.o [1]
  .text               ro code  0x08045768      0x4  startup_stm32f417xx.o [1]
  .text               ro code  0x0804576c      0x4  startup_stm32f417xx.o [1]
  .text               ro code  0x08045770      0x4  startup_stm32f417xx.o [1]
  .text               ro code  0x08045774      0x4  startup_stm32f417xx.o [1]
  .text               ro code  0x08045778      0x4  startup_stm32f417xx.o [1]
  .text               ro code  0x0804577c      0x4  startup_stm32f417xx.o [1]
  .text               ro code  0x08045780      0x4  startup_stm32f417xx.o [1]
  .text               ro code  0x08045784      0x4  startup_stm32f417xx.o [1]
  .text               ro code  0x08045788      0x4  startup_stm32f417xx.o [1]
  .text               ro code  0x0804578c      0x4  startup_stm32f417xx.o [1]
  .text               ro code  0x08045790      0x4  startup_stm32f417xx.o [1]
  .text               ro code  0x08045794      0x4  startup_stm32f417xx.o [1]
  .text               ro code  0x08045798      0x4  startup_stm32f417xx.o [1]
  .text               ro code  0x0804579c      0x4  startup_stm32f417xx.o [1]
  .text               ro code  0x080457a0      0x4  startup_stm32f417xx.o [1]
  .text               ro code  0x080457a4      0x4  startup_stm32f417xx.o [1]
  .text               ro code  0x080457a8      0x4  startup_stm32f417xx.o [1]
  .text               ro code  0x080457ac      0x4  startup_stm32f417xx.o [1]
  .text               ro code  0x080457b0      0x4  startup_stm32f417xx.o [1]
  .text               ro code  0x080457b4      0x4  startup_stm32f417xx.o [1]
  .text               ro code  0x080457b8      0x4  startup_stm32f417xx.o [1]
  .text               ro code  0x080457bc      0x4  startup_stm32f417xx.o [1]
  .text               ro code  0x080457c0      0x4  startup_stm32f417xx.o [1]
  .text               ro code  0x080457c4      0x4  startup_stm32f417xx.o [1]
  .text               ro code  0x080457c8      0x4  startup_stm32f417xx.o [1]
  .text               ro code  0x080457cc      0x4  startup_stm32f417xx.o [1]
  .text               ro code  0x080457d0      0x4  startup_stm32f417xx.o [1]
  .text               ro code  0x080457d4      0x4  startup_stm32f417xx.o [1]
  .text               ro code  0x080457d8      0x4  startup_stm32f417xx.o [1]
  .text               ro code  0x080457dc      0x4  startup_stm32f417xx.o [1]
  .text               ro code  0x080457e0      0x4  startup_stm32f417xx.o [1]
  .text               ro code  0x080457e4      0x4  startup_stm32f417xx.o [1]
  .text               ro code  0x080457e8      0x4  startup_stm32f417xx.o [1]
  .text               ro code  0x080457ec      0x4  startup_stm32f417xx.o [1]
  .text               ro code  0x080457f0      0x4  startup_stm32f417xx.o [1]
  .text               ro code  0x080457f4      0x4  startup_stm32f417xx.o [1]
  .text               ro code  0x080457f8      0x4  startup_stm32f417xx.o [1]
  .text               ro code  0x080457fc      0x4  startup_stm32f417xx.o [1]
  .text               ro code  0x08045800      0x4  startup_stm32f417xx.o [1]
  .text               ro code  0x08045804      0x4  startup_stm32f417xx.o [1]
  .text               ro code  0x08045808      0x4  startup_stm32f417xx.o [1]
  .rodata             const    0x0804580c      0x0  zero_init3.o [6]
  .rodata             const    0x0804580c      0x0  lz77_init.o [6]
  Initializer bytes   ro data  0x0804580c    0x213  <for P2 s0>
                             - 0x08045a1f  0x45897

"P2":                                      0x15b38
  P2 s0                        0x20000000    0x4b4  <Init block>
    .data             inited   0x20000000    0x100  modbus.o [1]
    .data             inited   0x20000100    0x100  modbus.o [1]
    __DLIB_PERTHREAD  inited   0x20000200     0x8c  rand.o [3]
    .data             inited   0x2000028c     0x64  main.o [1]
    .data             inited   0x200002f0     0x64  main.o [1]
    .data             inited   0x20000354     0x44  usbd_cdc.o [1]
    .data             inited   0x20000398     0x44  usbd_cdc.o [1]
    .data             inited   0x200003dc     0x44  usbd_cdc.o [1]
    .data             inited   0x20000420     0x38  usbd_cdc.o [1]
    .data             inited   0x20000458     0x1c  usbd_desc.o [1]
    .data             inited   0x20000474     0x14  usbd_desc.o [1]
    .data             inited   0x20000488     0x10  usbd_cdc_if.o [1]
    .data             inited   0x20000498      0xc  usbd_cdc.o [1]
    .data             inited   0x200004a4      0x4  system_stm32f4xx.o [1]
    .data             inited   0x200004a8      0x4  usbd_desc.o [1]
    __DLIB_PERTHREAD  inited   0x200004ac      0x4  errno.o [3]
    .data             inited   0x200004b0      0x2  pwm.o [1]
    .data             inited   0x200004b2      0x1  archive.o [1]
    .data             inited   0x200004b3      0x1  archive.o [1]
  .bss                zero     0x200004b4   0x3000  utils.o [1]
  .bss                zero     0x200034b4   0x13ec  main.o [1]
  .bss                zero     0x200048a0   0x13ec  main.o [1]
  .bss                zero     0x20005c8c   0x13ec  main.o [1]
  .bss                zero     0x20007078   0x1388  fppp3.o [1]
  .bss                zero     0x20008400   0x1388  fppp3.o [1]
  .bss                zero     0x20009788    0xc80  dynaGram.o [1]
  .bss                zero     0x2000a408    0x960  dynaGram.o [1]
  .bss                zero     0x2000ad68    0x800  main.o [1]
  .bss                zero     0x2000b568    0x800  main.o [1]
  .bss                zero     0x2000bd68    0x800  main.o [1]
  .bss                zero     0x2000c568    0x800  read_write.o [1]
  .bss                zero     0x2000cd68    0x800  read_write.o [1]
  .bss                zero     0x2000d568    0x800  usbd_cdc_if.o [1]
  .bss                zero     0x2000dd68    0x800  usbd_cdc_if.o [1]
  .bss                zero     0x2000e568    0x7e4  main.o [1]
  .bss                zero     0x2000ed4c    0x7e4  main.o [1]
  .bss                zero     0x2000f530    0x44c  base1.o [1]
  .bss                zero     0x2000f97c    0x3b4  usbd_conf.o [1]
  .bss                zero     0x2000fd30    0x358  dynaGram.o [1]
  .bss                zero     0x20010088    0x330  dynaGram.o [1]
  .bss                zero     0x200103b8    0x224  usb_device.o [1]
  .bss                zero     0x200105dc    0x200  usbd_desc.o [1]
  .bss                zero     0x200107dc    0x1d8  dlmalloc.o [3]
  .bss                zero     0x200109b4    0x194  main.o [1]
  .bss                zero     0x20010b48    0x18c  archive.o [1]
  .bss                zero     0x20010cd4    0x184  pwm.o [1]
  .bss                zero     0x20010e58    0x16c  pwm.o [1]
  .bss                zero     0x20010fc4    0x16c  pwm.o [1]
  .bss                zero     0x20011130    0x150  base1.o [1]
  .bss                zero     0x20011280    0x150  base1.o [1]
  .bss                zero     0x200113d0    0x130  pwm.o [1]
  .bss                zero     0x20011500    0x130  pwm.o [1]
  .bss                zero     0x20011630     0xf0  fram1.o [1]
  .bss                zero     0x20011720     0xc8  main.o [1]
  .bss                zero     0x200117e8     0xb0  dynaGram.o [1]
  .bss                zero     0x20011898     0x9c  pwm.o [1]
  .bss                zero     0x20011934     0x9c  pwm.o [1]
  .bss                zero     0x200119d0     0x98  utils.o [1]
  .bss                zero     0x20011a68     0x7c  alarms.o [1]
  .bss                zero     0x20011ae8     0x90  pwm.o [1]
  .bss                zero     0x20011b78     0x7c  alarms.o [1]
  .bss                zero     0x20011bf4     0x6c  main.o [1]
  .bss                zero     0x20011c60     0x78  pwm.o [1]
  .bss                zero     0x20011cd8     0x78  pwm.o [1]
  .bss                zero     0x20011d50     0x70  utils.o [1]
  .bss                zero     0x20011dc0     0x5c  alarms.o [1]
  .bss                zero     0x20011e1c     0x5c  alarms.o [1]
  .bss                zero     0x20011e78     0x5c  main.o [1]
  .bss                zero     0x20011ed4     0x58  prepare_sim800.o [1]
  .bss                zero     0x20011f2c     0x50  alarms.o [1]
  .bss                zero     0x20011f7c     0x50  archive.o [1]
  .bss                zero     0x20011fcc     0x50  main.o [1]
  .bss                zero     0x2001201c     0x50  main.o [1]
  .bss                zero     0x2001206c     0x50  main.o [1]
  .bss                zero     0x200120bc     0x50  pwm.o [1]
  .bss                zero     0x2001210c     0x50  pwm.o [1]
  .bss                zero     0x2001215c     0x48  DS18B20.o [1]
  .bss                zero     0x200121a4     0x48  utils.o [1]
  .bss                zero     0x200121ec     0x44  at_com4.o [1]
  .bss                zero     0x20012230     0x44  main.o [1]
  .bss                zero     0x20012274     0x44  main.o [1]
  .bss                zero     0x200122b8     0x44  main.o [1]
  .bss                zero     0x200122fc     0x40  main.o [1]
  .bss                zero     0x2001233c     0x40  main.o [1]
  .bss                zero     0x2001237c     0x40  main.o [1]
  .bss                zero     0x200123bc     0x40  main.o [1]
  .bss                zero     0x200123fc     0x3c  fram1.o [1]
  .bss                zero     0x20012438     0x3c  fram1.o [1]
  .bss                zero     0x20012474     0x3c  main.o [1]
  .bss                zero     0x200124b0     0x3c  main.o [1]
  .bss                zero     0x200124ec     0x3c  main.o [1]
  .bss                zero     0x20012528     0x3c  main.o [1]
  .bss                zero     0x20012564     0x3c  main.o [1]
  .bss                zero     0x200125a0     0x3c  main.o [1]
  .bss                zero     0x200125dc     0x28  at_com4.o [1]
  .bss                zero     0x20012604     0x28  utils.o [1]
  .bss                zero     0x2001262c     0x28  utils.o [1]
  .bss                zero     0x20012654     0x20  base1.o [1]
  .bss                zero     0x20012674     0x20  sram_rtc.o [1]
  .bss                zero     0x20012694     0x1c  fppp3.o [1]
  .bss                zero     0x200126b0     0x1c  fppp3.o [1]
  .bss                zero     0x200126cc     0x1c  fppp3.o [1]
  .bss                zero     0x200126e8     0x1c  fppp3.o [1]
  .bss                zero     0x20012704     0x1c  fppp3.o [1]
  .bss                zero     0x20012720     0x1c  fppp3.o [1]
  .bss                zero     0x2001273c     0x1c  fppp3.o [1]
  .bss                zero     0x20012758     0x18  base1.o [1]
  .bss                zero     0x20012770     0x18  base1.o [1]
  .bss                zero     0x20012788     0x18  sram_rtc.o [1]
  .bss                zero     0x200127a0     0x18  dlmalloc.o [3]
  .bss                zero     0x200127b8     0x14  base1.o [1]
  .bss                zero     0x200127cc     0x14  base1.o [1]
  .bss                zero     0x200127e0     0x14  main.o [1]
  .bss                zero     0x200127f4     0x14  main.o [1]
  .bss                zero     0x20012808     0x14  main.o [1]
  .bss                zero     0x2001281c     0x14  sram_rtc.o [1]
  .bss                zero     0x20012830     0x10  archive.o [1]
  .bss                zero     0x20012840     0x10  fppp3.o [1]
  .bss                zero     0x20012850     0x10  fppp3.o [1]
  .bss                zero     0x20012860     0x10  fram1.o [1]
  .bss                zero     0x20012870     0x10  fram1.o [1]
  .bss                zero     0x20012880     0x10  fram1.o [1]
  .bss                zero     0x20012890     0x10  main.o [1]
  .bss                zero     0x200128a0     0x10  utils.o [1]
  .bss                zero     0x200128b0      0xc  fppp3.o [1]
  .bss                zero     0x200128bc      0xc  fram1.o [1]
  .bss                zero     0x200128c8      0xc  fram1.o [1]
  .bss                zero     0x200128d4      0xc  ldterm_stm.o [1]
  .bss                zero     0x200128e0      0xc  main.o [1]
  .bss                zero     0x200128ec      0xc  main.o [1]
  .bss                zero     0x200128f8      0xc  utils.o [1]
  .bss                zero     0x20012904      0x8  alarms.o [1]
  .bss                zero     0x2001290c      0x8  alarms.o [1]
  .bss                zero     0x20012914      0x8  fram1.o [1]
  .bss                zero     0x2001291c      0x8  fram1.o [1]
  .bss                zero     0x20012924      0x8  fram1.o [1]
  .bss                zero     0x2001292c      0x4  alarms.o [1]
  .bss                zero     0x20012930      0x8  main.o [1]
  .bss                zero     0x20012938      0x8  sram_rtc.o [1]
  .bss                zero     0x20012940      0x8  utils.o [1]
  .bss                zero     0x20012948      0x4  alarms.o [1]
  .bss                zero     0x2001294c      0x4  at_com4.o [1]
  .bss                zero     0x20012950      0x4  at_com4.o [1]
  .bss                zero     0x20012954      0x4  base1.o [1]
  .bss                zero     0x20012958      0x4  base1.o [1]
  .bss                zero     0x2001295c      0x4  base1.o [1]
  .bss                zero     0x20012960      0x4  base1.o [1]
  .bss                zero     0x20012964      0x4  base1.o [1]
  .bss                zero     0x20012968      0x4  base1.o [1]
  .bss                zero     0x2001296c      0x4  base1.o [1]
  .bss                zero     0x20012970      0x4  base1.o [1]
  .bss                zero     0x20012974      0x4  base1.o [1]
  .bss                zero     0x20012978      0x4  base1.o [1]
  .bss                zero     0x2001297c      0x4  base1.o [1]
  .bss                zero     0x20012980      0x4  base1.o [1]
  .bss                zero     0x20012984      0x4  base1.o [1]
  .bss                zero     0x20012988      0x4  base1.o [1]
  .bss                zero     0x2001298c      0x4  base1.o [1]
  .bss                zero     0x20012990      0x4  base1.o [1]
  .bss                zero     0x20012994      0x4  bvi.o [1]
  .bss                zero     0x20012998      0x4  DS18B20.o [1]
  .bss                zero     0x2001299c      0x4  dynaGram.o [1]
  .bss                zero     0x200129a0      0x4  dynaGram.o [1]
  .bss                zero     0x200129a4      0x4  dynaGram.o [1]
  .bss                zero     0x200129a8      0x4  dynaGram.o [1]
  .bss                zero     0x200129ac      0x4  dynaGram.o [1]
  .bss                zero     0x200129b0      0x4  fppp3.o [1]
  .bss                zero     0x200129b4      0x4  fppp3.o [1]
  .bss                zero     0x200129b8      0x4  fppp3.o [1]
  .bss                zero     0x200129bc      0x4  fppp3.o [1]
  .bss                zero     0x200129c0      0x4  fppp3.o [1]
  .bss                zero     0x200129c4      0x4  fppp3.o [1]
  .bss                zero     0x200129c8      0x4  fppp3.o [1]
  .bss                zero     0x200129cc      0x4  fppp3.o [1]
  .bss                zero     0x200129d0      0x4  fppp3.o [1]
  .bss                zero     0x200129d4      0x4  fppp3.o [1]
  .bss                zero     0x200129d8      0x4  fppp3.o [1]
  .bss                zero     0x200129dc      0x4  fppp3.o [1]
  .bss                zero     0x200129e0      0x4  fppp3.o [1]
  .bss                zero     0x200129e4      0x4  fppp3.o [1]
  .bss                zero     0x200129e8      0x4  fram1.o [1]
  .bss                zero     0x200129ec      0x4  fram1.o [1]
  .bss                zero     0x200129f0      0x4  interr4.o [1]
  .bss                zero     0x200129f4      0x4  main.o [1]
  .bss                zero     0x200129f8      0x4  main.o [1]
  .bss                zero     0x200129fc      0x4  main.o [1]
  .bss                zero     0x20012a00      0x4  main.o [1]
  .bss                zero     0x20012a04      0x4  main.o [1]
  .bss                zero     0x20012a08      0x4  main.o [1]
  .bss                zero     0x20012a0c      0x4  main.o [1]
  .bss                zero     0x20012a10      0x4  main.o [1]
  .bss                zero     0x20012a14      0x4  main.o [1]
  .bss                zero     0x20012a18      0x4  main.o [1]
  .bss                zero     0x20012a1c      0x4  main.o [1]
  .bss                zero     0x20012a20      0x4  main.o [1]
  .bss                zero     0x20012a24      0x4  main.o [1]
  .bss                zero     0x20012a28      0x4  main.o [1]
  .bss                zero     0x20012a2c      0x4  main.o [1]
  .bss                zero     0x20012a30      0x4  main.o [1]
  .bss                zero     0x20012a34      0x4  main.o [1]
  .bss                zero     0x20012a38      0x4  scenario_softAP.o [1]
  .bss                zero     0x20012a3c      0x4  sram_rtc.o [1]
  .bss                zero     0x20012a40      0x4  sram_rtc.o [1]
  .bss                zero     0x20012a44      0x4  sram_rtc.o [1]
  .bss                zero     0x20012a48      0x4  sram_rtc.o [1]
  .bss                zero     0x20012a4c      0x4  stm32f4xx_hal.o [1]
  .bss                zero     0x20012a50      0x4  utils.o [1]
  .bss                zero     0x20012a54      0x4  utils.o [1]
  .bss                zero     0x20012a58      0x4  utils.o [1]
  .bss                zero     0x20012a5c      0x4  utils.o [1]
  .bss                zero     0x20012a60      0x4  utils.o [1]
  .bss                zero     0x20012a64      0x4  utils.o [1]
  .bss                zero     0x20012a68      0x4  utils.o [1]
  .bss                zero     0x20012a6c      0x4  utils.o [1]
  .bss                zero     0x20012a70      0x4  utils.o [1]
  .bss                zero     0x20012a74      0x4  xgetmemchunk.o [3]
  .bss                zero     0x20012a78      0x2  base1.o [1]
  .bss                zero     0x20012a7a      0x2  base1.o [1]
  .bss                zero     0x20012a7c      0x2  base1.o [1]
  .bss                zero     0x20012a7e      0x2  base1.o [1]
  .bss                zero     0x20012a80      0x2  base1.o [1]
  .bss                zero     0x20012a82      0x2  base1.o [1]
  .bss                zero     0x20012a84      0x2  base1.o [1]
  .bss                zero     0x20012a86      0x2  base1.o [1]
  .bss                zero     0x20012a88      0x2  fppp3.o [1]
  .bss                zero     0x20012a8a      0x2  fppp3.o [1]
  .bss                zero     0x20012a8c      0x2  fppp3.o [1]
  .bss                zero     0x20012a8e      0x2  fppp3.o [1]
  .bss                zero     0x20012a90      0x2  fppp3.o [1]
  .bss                zero     0x20012a92      0x2  fppp3.o [1]
  .bss                zero     0x20012a94      0x2  ledmd.o [1]
  .bss                zero     0x20012a96      0x2  main.o [1]
  .bss                zero     0x20012a98      0x2  main.o [1]
  .bss                zero     0x20012a9a      0x2  main.o [1]
  .bss                zero     0x20012a9c      0x2  main.o [1]
  .bss                zero     0x20012a9e      0x2  main.o [1]
  .bss                zero     0x20012aa0      0x2  main.o [1]
  .bss                zero     0x20012aa2      0x2  main.o [1]
  .bss                zero     0x20012aa4      0x2  main.o [1]
  .bss                zero     0x20012aa6      0x2  main.o [1]
  .bss                zero     0x20012aa8      0x2  main.o [1]
  .bss                zero     0x20012aaa      0x2  main.o [1]
  .bss                zero     0x20012aac      0x2  main.o [1]
  .bss                zero     0x20012aae      0x2  main.o [1]
  .bss                zero     0x20012ab0      0x2  main.o [1]
  .bss                zero     0x20012ab2      0x2  modbus.o [1]
  .bss                zero     0x20012ab4      0x2  modbus.o [1]
  .bss                zero     0x20012ab6      0x2  pwm.o [1]
  .bss                zero     0x20012ab8      0x2  pwm.o [1]
  .bss                zero     0x20012aba      0x2  spvisor.o [1]
  .bss                zero     0x20012abc      0x1  alarms.o [1]
  .bss                zero     0x20012abd      0x1  archive.o [1]
  .bss                zero     0x20012abe      0x1  at_com4.o [1]
  .bss                zero     0x20012abf      0x1  at_com4.o [1]
  .bss                zero     0x20012ac0      0x1  at_com4.o [1]
  .bss                zero     0x20012ac1      0x1  base1.o [1]
  .bss                zero     0x20012ac2      0x1  base1.o [1]
  .bss                zero     0x20012ac3      0x1  base1.o [1]
  .bss                zero     0x20012ac4      0x1  base1.o [1]
  .bss                zero     0x20012ac5      0x1  base1.o [1]
  .bss                zero     0x20012ac6      0x1  base1.o [1]
  .bss                zero     0x20012ac7      0x1  base1.o [1]
  .bss                zero     0x20012ac8      0x1  base1.o [1]
  .bss                zero     0x20012ac9      0x1  base1.o [1]
  .bss                zero     0x20012aca      0x1  base1.o [1]
  .bss                zero     0x20012acb      0x1  base1.o [1]
  .bss                zero     0x20012acc      0x1  bvi.o [1]
  .bss                zero     0x20012acd      0x1  bvi.o [1]
  .bss                zero     0x20012ace      0x1  bvi.o [1]
  .bss                zero     0x20012acf      0x1  DS18B20.o [1]
  .bss                zero     0x20012ad0      0x1  DS18B20.o [1]
  .bss                zero     0x20012ad1      0x1  DS18B20.o [1]
  .bss                zero     0x20012ad2      0x1  fppp3.o [1]
  .bss                zero     0x20012ad3      0x1  fppp3.o [1]
  .bss                zero     0x20012ad4      0x1  fppp3.o [1]
  .bss                zero     0x20012ad5      0x1  fppp3.o [1]
  .bss                zero     0x20012ad6      0x1  fppp3.o [1]
  .bss                zero     0x20012ad7      0x1  fppp3.o [1]
  .bss                zero     0x20012ad8      0x1  fppp3.o [1]
  .bss                zero     0x20012ad9      0x1  fppp3.o [1]
  .bss                zero     0x20012ada      0x1  fppp3.o [1]
  .bss                zero     0x20012adb      0x1  fppp3.o [1]
  .bss                zero     0x20012adc      0x1  fppp3.o [1]
  .bss                zero     0x20012add      0x1  fppp3.o [1]
  .bss                zero     0x20012ade      0x1  fppp3.o [1]
  .bss                zero     0x20012adf      0x1  fppp3.o [1]
  .bss                zero     0x20012ae0      0x1  fppp3.o [1]
  .bss                zero     0x20012ae1      0x1  fppp3.o [1]
  .bss                zero     0x20012ae2      0x1  fppp3.o [1]
  .bss                zero     0x20012ae3      0x1  fppp3.o [1]
  .bss                zero     0x20012ae4      0x1  fppp3.o [1]
  .bss                zero     0x20012ae5      0x1  fppp3.o [1]
  .bss                zero     0x20012ae6      0x1  fppp3.o [1]
  .bss                zero     0x20012ae7      0x1  fppp3.o [1]
  .bss                zero     0x20012ae8      0x1  fppp3.o [1]
  .bss                zero     0x20012ae9      0x1  fppp3.o [1]
  .bss                zero     0x20012aea      0x1  fppp3.o [1]
  .bss                zero     0x20012aeb      0x1  fppp3.o [1]
  .bss                zero     0x20012aec      0x1  fppp3.o [1]
  .bss                zero     0x20012aed      0x1  fppp3.o [1]
  .bss                zero     0x20012aee      0x1  fppp3.o [1]
  .bss                zero     0x20012aef      0x1  fppp3.o [1]
  .bss                zero     0x20012af0      0x1  fppp3.o [1]
  .bss                zero     0x20012af1      0x1  fppp3.o [1]
  .bss                zero     0x20012af2      0x1  fppp3.o [1]
  .bss                zero     0x20012af3      0x1  fppp3.o [1]
  .bss                zero     0x20012af4      0x1  fppp3.o [1]
  .bss                zero     0x20012af5      0x1  fppp3.o [1]
  .bss                zero     0x20012af6      0x1  fppp3.o [1]
  .bss                zero     0x20012af7      0x1  fppp3.o [1]
  .bss                zero     0x20012af8      0x1  fppp3.o [1]
  .bss                zero     0x20012af9      0x1  fppp3.o [1]
  .bss                zero     0x20012afa      0x1  fppp3.o [1]
  .bss                zero     0x20012afb      0x1  interr4.o [1]
  .bss                zero     0x20012afc      0x1  interr4.o [1]
  .bss                zero     0x20012afd      0x1  interr4.o [1]
  .bss                zero     0x20012afe      0x1  interr4.o [1]
  .bss                zero     0x20012aff      0x1  interr4.o [1]
  .bss                zero     0x20012b00      0x1  ledmd.o [1]
  .bss                zero     0x20012b01      0x1  logs.o [1]
  .bss                zero     0x20012b02      0x1  main.o [1]
  .bss                zero     0x20012b03      0x1  main.o [1]
  .bss                zero     0x20012b04      0x1  main.o [1]
  .bss                zero     0x20012b05      0x1  main.o [1]
  .bss                zero     0x20012b06      0x1  main.o [1]
  .bss                zero     0x20012b07      0x1  main.o [1]
  .bss                zero     0x20012b08      0x1  main.o [1]
  .bss                zero     0x20012b09      0x1  main.o [1]
  .bss                zero     0x20012b0a      0x1  main.o [1]
  .bss                zero     0x20012b0b      0x1  main.o [1]
  .bss                zero     0x20012b0c      0x1  main.o [1]
  .bss                zero     0x20012b0d      0x1  main.o [1]
  .bss                zero     0x20012b0e      0x1  main.o [1]
  .bss                zero     0x20012b0f      0x1  main.o [1]
  .bss                zero     0x20012b10      0x1  main.o [1]
  .bss                zero     0x20012b11      0x1  main.o [1]
  .bss                zero     0x20012b12      0x1  main.o [1]
  .bss                zero     0x20012b13      0x1  main.o [1]
  .bss                zero     0x20012b14      0x1  main.o [1]
  .bss                zero     0x20012b15      0x1  main.o [1]
  .bss                zero     0x20012b16      0x1  main.o [1]
  .bss                zero     0x20012b17      0x1  pwm.o [1]
  .bss                zero     0x20012b18      0x1  pwm.o [1]
  .bss                zero     0x20012b19      0x1  pwm.o [1]
  .bss                zero     0x20012b1a      0x1  pwm.o [1]
  .bss                zero     0x20012b1b      0x1  scenario_softAP.o [1]
  .bss                zero     0x20012b1c      0x1  scenario_softAP.o [1]
  .bss                zero     0x20012b1d      0x1  scenario_softAP.o [1]
  .bss                zero     0x20012b1e      0x1  scenario_softAP.o [1]
  .bss                zero     0x20012b1f      0x1  usbd_cdc.o [1]
  .bss                zero     0x20012b20      0x1  usbd_ctlreq.o [1]
  .bss                zero     0x20012b21      0x1  utils.o [1]
  .bss                zero     0x20012b22      0x1  utils.o [1]
  .bss                zero     0x20012b23      0x1  utils.o [1]
  .bss                zero     0x20012b24      0x1  utils.o [1]
  .bss                zero     0x20012b25      0x1  utils.o [1]
  .bss                zero     0x20012b26      0x1  utils.o [1]
  .bss                zero     0x20012b27      0x1  utils.o [1]
  .bss                zero     0x20012b28      0x1  utils.o [1]
  .bss                zero     0x20012b29      0x1  utils.o [1]
  .bss                zero     0x20012b2a      0x1  utils.o [1]
  .bss                zero     0x20012b2b      0x1  utils.o [1]
  .bss                zero     0x20012b2c      0x1  utils.o [1]
  .noinit             uninit   0x20012b30      0x1  base1.o [1]
  CSTACK                       0x20012b38   0x2000  <Block>
    CSTACK            uninit   0x20012b38   0x2000  <Block tail>
  HEAP                         0x20014b38   0x1000  <Block>
    HEAP              uninit   0x20014b38   0x1000  <Block tail>
                             - 0x20015b38  0x15b38


*******************************************************************************
*** INIT TABLE
***

          Address     Size
          -------     ----
Zero (__iar_zero_init3)
    1 destination range, total size 0x12679:
          0x200004b4  0x12679

Copy/lz77 (__iar_lz77_init3)
    1 source range, total size 0x213 (44% of destination):
          0x0804580c    0x213
    1 destination range, total size 0x4b4:
          0x20000000    0x4b4



*******************************************************************************
*** MODULE SUMMARY
***

    Module                  ro code  ro data  rw data
    ------                  -------  -------  -------
F:\почта\UD\CHREP_V3_2\EWARM\vectorPWM Configuration\Obj: [1]
    DS18B20.o                 2 120                79
    InitParam.o              12 440   61 432
    alarms.o                  4 732               537
    archive.o                 4 276        1      495
    at_com4.o                 5 152      304      119
    base1.o                  16 050      716    1 984
    bvi.o                       620                 7
    coder.o                     468       32
    dynaGram.o                4 612             7 468
    fppp3.o                  14 960      616   10 349
    fram.o                    1 432
    fram1.o                   1 384               464
    init_pin_sim.o              100
    interr4.o                 3 028                 9
    ldterm_stm.o                340       64       12
    ledmd.o                     196                 3
    logs.o                      320                 1
    main.o                   25 302      128   27 773
    modbus.o                 15 120      225      516
    pins_stm.o                  224
    prepare_sim800.o            628                88
    pwm.o                    16 672        1    2 590
    read_write.o                396             4 096
    scenario_softAP.o         3 764      176        8
    spvisor.o                    48       12        2
    sram_rtc.o                5 696       48      100
    startup_stm32f417xx.o       708
    stm32f4xx_hal.o             136                 4
    stm32f4xx_hal_adc.o       1 436
    stm32f4xx_hal_adc_ex.o      400
    stm32f4xx_hal_cortex.o      396
    stm32f4xx_hal_dac.o         322
    stm32f4xx_hal_dma.o      14 682
    stm32f4xx_hal_gpio.o        976
    stm32f4xx_hal_iwdg.o        212
    stm32f4xx_hal_msp.o       1 484
    stm32f4xx_hal_pcd.o       2 536
    stm32f4xx_hal_pcd_ex.o      110
    stm32f4xx_hal_pwr.o          24
    stm32f4xx_hal_pwr_ex.o       64
    stm32f4xx_hal_rcc.o       1 888       16
    stm32f4xx_hal_rcc_ex.o      372
    stm32f4xx_hal_rtc.o       1 060
    stm32f4xx_hal_rtc_ex.o       38
    stm32f4xx_hal_tim.o       2 812
    stm32f4xx_hal_tim_ex.o      166
    stm32f4xx_hal_uart.o      2 692
    stm32f4xx_it.o              216
    stm32f4xx_ll_usb.o        3 388
    system_stm32f4xx.o          108        2        4
    usb_device.o                 52               548
    usbd_cdc.o                  756      120      273
    usbd_cdc_if.o               212        7    4 112
    usbd_conf.o               1 326       40      948
    usbd_core.o                 838
    usbd_ctlreq.o             1 630                 1
    usbd_desc.o                 224      111      564
    usbd_ioreq.o                188
    utils.o                  18 740    3 374   12 788
    -------------------------------------------------
    Total:                  200 272   67 425   75 942

command line: [2]
    -------------------------------------------------
    Total:

dl7M_tln.a: [3]
    abort.o                       6
    atoi.o                        8
    atol.o                        8
    div.o                        14
    dlmalloc.o                5 376               496
    errno.o                      12        2        4
    exit.o                        4
    low_level_init.o              4
    rand.o                      224       62      140
    sprintf.o                    52
    strcat.o                     28
    xgetmemchunk.o               44                 4
    xprintflarge_nomb.o       3 074
    xsprout.o                    10
    xstoflt.o                   436
    xstopfx.o                   304
    xstoul.o                    412
    xstoxflt.o                  512
    xtls.o                        2
    -------------------------------------------------
    Total:                   10 530       64      644

iar_cortexM4lf_math.a: [4]
    arm_common_tables.o                1 028
    arm_cos_q15.o                68
    arm_rms_q15.o                94
    arm_sin_q15.o                52
    arm_sqrt_q15.o              236
    -------------------------------------------------
    Total:                      450    1 028

m7M_tlv.a: [5]
    DblAdd.o                    232
    DblCmpEq.o                   32
    DblCmpGe.o                   46
    DblCmpLe.o                   46
    DblDiv.o                    582
    DblMul.o                    418
    DblSub.o                    384
    DblToFlt.o                  144
    DblToI32.o                   44
    FltToDbl.o                   78
    I32ToDbl.o                   48
    atanf.o                      80
    atof.o                       16
    fpinit_M.o                   26
    sqrt.o                      256
    sqrtf.o                      28
    xatanf.o                    164
    xdnorm.o                     66
    xdscale.o                   276
    xdtento.o                   512
    xdunscal.o                   86
    xstod.o                     360
    -------------------------------------------------
    Total:                    3 924

rt7M_tl.a: [6]
    ABImemcpy_unaligned.o       118
    ABImemset.o                 102
    I64DivMod.o                 306
    I64DivZer.o                   2
    cexit.o                      10
    cmain.o                      26
    cstartup_M.o                 12
    data_init.o                  40
    iarEdom.o                    12
    lz77_init.o                 450
    memchr.o                     88
    strchr.o                     22
    strcmp_unaligned.o           66
    strcpy_unaligned.o           68
    strlen.o                     54
    zero_init3.o                 34
    -------------------------------------------------
    Total:                    1 410

shb_l.a: [7]
    exit.o                       20
    -------------------------------------------------
    Total:                       20

    Gaps                         42        6        4
    Linker created                        44   12 288
-----------------------------------------------------
    Grand Total:            216 648   68 567   88 878


*******************************************************************************
*** ENTRY LIST
***

Entry                      Address    Size  Type      Object
-----                      -------    ----  ----      ------
?main                   0x08044f55          Code  Gb  cmain.o [6]
ADC_IRQHandler          0x08042989     0xa  Code  Gb  stm32f4xx_it.o [1]
ADC_Init                0x0801dfab   0x166  Code  Lc  stm32f4xx_hal_adc.o [1]
ADC_MultiModeDMAConvCplt
                        0x0801e265    0x24  Code  Lc  stm32f4xx_hal_adc_ex.o [1]
ADC_MultiModeDMAError   0x0801e299    0x1c  Code  Lc  stm32f4xx_hal_adc_ex.o [1]
ADC_MultiModeDMAHalfConvCplt
                        0x0801e289     0xe  Code  Lc  stm32f4xx_hal_adc_ex.o [1]
APBAHBPrescTable        0x08045284    0x10  Data  Gb  stm32f4xx_hal_rcc.o [1]
AT_CIPSEND_1            0x080455d8     0xc  Data  Gb  utils.o [1]
AT_CIPSEND_2            0x08016792     0x2  Data  Gb  utils.o [1]
AT_CIPSEND_3            0x080456dc     0x4  Data  Gb  utils.o [1]
AVAR_1                  0x080447bc    0x20  Data  Gb  InitParam.o [1]
AVAR_10                 0x08044ad8    0x1c  Data  Gb  InitParam.o [1]
AVAR_101                0x08044d08    0x1c  Data  Gb  InitParam.o [1]
AVAR_101_4              0x08044d24    0x1c  Data  Gb  InitParam.o [1]
AVAR_101_6              0x0804550c     0xc  Data  Gb  InitParam.o [1]
AVAR_102                0x08044b48    0x1c  Data  Gb  InitParam.o [1]
AVAR_102_4              0x08044b64    0x1c  Data  Gb  InitParam.o [1]
AVAR_102_6              0x080454ac     0xc  Data  Gb  InitParam.o [1]
AVAR_103                0x08044b80    0x1c  Data  Gb  InitParam.o [1]
AVAR_103_4              0x08044b9c    0x1c  Data  Gb  InitParam.o [1]
AVAR_103_6              0x080454b8     0xc  Data  Gb  InitParam.o [1]
AVAR_104                0x08044bb8    0x1c  Data  Gb  InitParam.o [1]
AVAR_104_4              0x08044bd4    0x1c  Data  Gb  InitParam.o [1]
AVAR_104_6              0x080454c4     0xc  Data  Gb  InitParam.o [1]
AVAR_105                0x08044bf0    0x1c  Data  Gb  InitParam.o [1]
AVAR_105_4              0x08044c0c    0x1c  Data  Gb  InitParam.o [1]
AVAR_105_6              0x080454d0     0xc  Data  Gb  InitParam.o [1]
AVAR_106                0x08044c28    0x1c  Data  Gb  InitParam.o [1]
AVAR_106_4              0x08044c44    0x1c  Data  Gb  InitParam.o [1]
AVAR_106_6              0x080454dc     0xc  Data  Gb  InitParam.o [1]
AVAR_107                0x08044c60    0x1c  Data  Gb  InitParam.o [1]
AVAR_107_4              0x08044c7c    0x1c  Data  Gb  InitParam.o [1]
AVAR_107_6              0x080454e8     0xc  Data  Gb  InitParam.o [1]
AVAR_108                0x08044c98    0x1c  Data  Gb  InitParam.o [1]
AVAR_108_4              0x08044cb4    0x1c  Data  Gb  InitParam.o [1]
AVAR_108_6              0x080454f4     0xc  Data  Gb  InitParam.o [1]
AVAR_109                0x08044cd0    0x1c  Data  Gb  InitParam.o [1]
AVAR_109_4              0x08044cec    0x1c  Data  Gb  InitParam.o [1]
AVAR_109_6              0x08045500     0xc  Data  Gb  InitParam.o [1]
AVAR_10_4               0x08043d60    0x30  Data  Gb  InitParam.o [1]
AVAR_10_5               0x08043d90    0x30  Data  Gb  InitParam.o [1]
AVAR_10_6               0x08043dc0    0x30  Data  Gb  InitParam.o [1]
AVAR_10_7               0x080435f0    0x38  Data  Gb  InitParam.o [1]
AVAR_10_8               0x080438a4    0x34  Data  Gb  InitParam.o [1]
AVAR_10_9               0x080438d8    0x34  Data  Gb  InitParam.o [1]
AVAR_11                 0x080432d4    0x3c  Data  Gb  InitParam.o [1]
AVAR_110                0x08044f9c    0x18  Data  Gb  InitParam.o [1]
[...]
html_menu_3             0x080455e4     0xc  Data  Gb  utils.o [1]
html_menu_begin         0x08042d90    0x58  Data  Gb  utils.o [1]
html_menu_end           0x08045140    0x14  Data  Gb  utils.o [1]
html_method             0x08044350    0x28  Data  Gb  utils.o [1]
html_method_get_1       0x080452f4    0x10  Data  Gb  utils.o [1]
html_method_get_2       0x08045074    0x18  Data  Gb  utils.o [1]
html_text_1             0x080456d4     0x4  Data  Gb  utils.o [1]
html_text_2             0x080456d8     0x4  Data  Gb  utils.o [1]
html_text_3             0x080456c4     0x8  Data  Gb  utils.o [1]
html_text_black         0x08044748    0x24  Data  Gb  utils.o [1]
html_text_blue          0x0804476c    0x24  Data  Gb  utils.o [1]
huart2                  0x200122fc    0x40  Data  Gb  main.o [1]
huart3                  0x2001233c    0x40  Data  Gb  main.o [1]
huart4                  0x2001237c    0x40  Data  Gb  main.o [1]
huart5                  0x200123bc    0x40  Data  Gb  main.o [1]
i2cByteRead             0x0801c4b3    0x52  Code  Gb  fram.o [1]
i2cByteWrite            0x0801c3fb    0xb8  Code  Gb  fram.o [1]
i2cDelay                0x0801c3ed     0xe  Code  Gb  fram.o [1]
i_scan_ipcp             0x20012aec     0x1  Data  Gb  fppp3.o [1]
i_scan_lcp              0x20012ae7     0x1  Data  Gb  fppp3.o [1]
i_scj_ipcp              0x20012aed     0x1  Data  Gb  fppp3.o [1]
i_scj_lcp               0x20012ae8     0x1  Data  Gb  fppp3.o [1]
i_scr_ipcp              0x20012aeb     0x1  Data  Gb  fppp3.o [1]
i_scr_lcp               0x20012ae6     0x1  Data  Gb  fppp3.o [1]
i_scr_pap               0x20012af0     0x1  Data  Gb  fppp3.o [1]
i_sta_ipcp              0x20012aef     0x1  Data  Gb  fppp3.o [1]
i_sta_lcp               0x20012aea     0x1  Data  Gb  fppp3.o [1]
i_str_ipcp              0x20012aee     0x1  Data  Gb  fppp3.o [1]
i_str_lcp               0x20012ae9     0x1  Data  Gb  fppp3.o [1]
icReset                 0x0801c505    0xe4  Code  Gb  fram.o [1]
id                      0x20012a14     0x4  Data  Gb  main.o [1]
id_pg_appl              0x20012afa     0x1  Data  Gb  fppp3.o [1]
inBuffer                0x2000c568   0x800  Data  Gb  read_write.o [1]
init_mparams            0x080361f7    0x32  Code  Lc  dlmalloc.o [3]
init_pin_sim800         0x08025eb5    0x64  Code  Gb  init_pin_sim.o [1]
init_pins_hiz_to_out    0x0801f9ed     0xc  Code  Gb  base1.o [1]
init_pins_out_to_hiz    0x0801f9e1     0xc  Code  Gb  base1.o [1]
init_scen_stm_sc        0x080303cd    0xfa  Code  Gb  at_com4.o [1]
init_scen_stm_si        0x080301b1   0x206  Code  Gb  at_com4.o [1]
init_top                0x08036229    0x34  Code  Lc  dlmalloc.o [3]
ip_change               0x20012af9     0x1  Data  Gb  fppp3.o [1]
ip_ls                   0x20012960     0x4  Data  Gb  base1.o [1]
ip_pri_dns              0x200129dc     0x4  Data  Gb  fppp3.o [1]
ip_sec_dns              0x200129e0     0x4  Data  Gb  fppp3.o [1]
ip_self                 0x20012984     0x4  Data  Gb  base1.o [1]
iq                      0x20012a18     0x4  Data  Gb  main.o [1]
iwdgFlag                0x20012b0a     0x1  Data  Gb  main.o [1]
keys                    0x200128d4     0xc  Data  Gb  ldterm_stm.o [1]
keys_def                0x08045674     0x8  Data  Gb  ldterm_stm.o [1]
kodirovka               0x0802b84d    0x1e  Code  Gb  coder.o [1]
layer_PPP               0x20012ac9     0x1  Data  Gb  base1.o [1]
lmos                    0x08044ffc    0x18  Data  Gb  sram_rtc.o [1]
ln_ack_ipcp             0x20012af7     0x1  Data  Gb  fppp3.o [1]
ln_ack_lcp              0x20012af3     0x1  Data  Gb  fppp3.o [1]
ln_nak_ipcp             0x20012af8     0x1  Data  Gb  fppp3.o [1]
ln_nak_lcp              0x20012af4     0x1  Data  Gb  fppp3.o [1]
ln_rej_ipcp             0x20012af6     0x1  Data  Gb  fppp3.o [1]
ln_rej_lcp              0x20012af2     0x1  Data  Gb  fppp3.o [1]
ln_rejc_ipcp            0x20012af5     0x1  Data  Gb  fppp3.o [1]
ln_rejc_lcp             0x20012af1     0x1  Data  Gb  fppp3.o [1]
load_par_from_memory_no
                        0x0801f7f9   0x16a  Code  Gb  base1.o [1]
lock_it                 0x0801f207    0x10  Code  Gb  base1.o [1]
lufkinCardForce         0x20010088   0x330  Data  Gb  dynaGram.o [1]
main                    0x08009921   0x59a  Code  Gb  main.o [1]
map_vers                0x08045234    0x10  Data  Gb  ldterm_stm.o [1]
measurements            0x20010cd4   0x184  Data  Gb  pwm.o [1]
memchr                  0x0803c1ed          Code  Gb  memchr.o [6]
milisecund_handler_sim800
                        0x080240f5   0x350  Code  Gb  interr4.o [1]
modBusCRC16             0x080114e5    0x40  Code  Gb  modbus.o [1]
modbusAddr              0x20012aa4     0x2  Data  Gb  main.o [1]
modbusRegistersEdit     0x080117c1  0x37ea  Code  Gb  modbus.o [1]
modbusSlaveTask         0x080115bb   0x1d6  Code  Gb  modbus.o [1]
modbusTask              0x0800ae15   0x14c  Code  Gb  main.o [1]
modem_engine            0x08020b81   0x698  Code  Gb  base1.o [1]
monitor_act_IPCP        0x0802d0c5    0x66  Code  Gb  fppp3.o [1]
monitor_act_LCP         0x0802c465    0x64  Code  Gb  fppp3.o [1]
monitor_act_PAP         0x0802bfab   0x3a6  Code  Gb  fppp3.o [1]
monitor_cntr_ch         0x080205a1   0x13c  Code  Gb  base1.o [1]
monitor_cntr_cl_seq     0x080207a5   0x120  Code  Gb  base1.o [1]
monitor_cntr_nat        0x080206e5    0x88  Code  Gb  base1.o [1]
monitor_event_IPCP      0x0802d14d   0x334  Code  Gb  fppp3.o [1]
monitor_event_LCP       0x0802c519   0x4a0  Code  Gb  fppp3.o [1]
monitor_event_PAP       0x0802c351   0x10c  Code  Gb  fppp3.o [1]
monitor_wr_truffic      0x0802290d    0x90  Code  Gb  base1.o [1]
mos                     0x08045014    0x18  Data  Gb  sram_rtc.o [1]
mparams                 0x200127a0    0x18  Data  Lc  dlmalloc.o [3]
msg_ctrl_ch             0x08045434     0xc  Data  Gb  base1.o [1]
msg_ctrl_nat            0x08045440     0xc  Data  Gb  base1.o [1]
msg_evc                 0x0804565c     0x8  Data  Gb  base1.o [1]
ndigs                   0x0803c5ac    0x28  Data  Lc  xstoul.o [3]
newBVITask              0x08022ab9   0x26c  Code  Gb  bvi.o [1]
noPhaseTask             0x0800960d   0x2f0  Code  Gb  main.o [1]
num_self                0x20012a82     0x2  Data  Gb  base1.o [1]
num_seq_cl              0x20012a84     0x2  Data  Gb  base1.o [1]
oneSec                  0x20012b11     0x1  Data  Gb  main.o [1]
one_secund_proc         0x08024445   0x1f6  Code  Gb  interr4.o [1]
outBuffer               0x2000cd68   0x800  Data  Gb  read_write.o [1]
p2p                     0x200129b0     0x4  Data  Gb  fppp3.o [1]
pErr                    0x20012a28     0x4  Data  Gb  main.o [1]
pErrPrev                0x20012a2c     0x4  Data  Gb  main.o [1]
pErrPrevReady           0x20012b13     0x1  Data  Gb  main.o [1]
packetCnt               0x20012b09     0x1  Data  Gb  main.o [1]
pap_act_buf             0x20012ad4     0x1  Data  Gb  fppp3.o [1]
pg_crc                  0x20012a92     0x2  Data  Gb  fppp3.o [1]
pidVoltage              0x20012808    0x14  Data  Gb  main.o [1]
point_log_buf           0x20012b01     0x1  Data  Gb  logs.o [1]
port_udp                0x20012a86     0x2  Data  Gb  base1.o [1]
powerStabTrigger        0x20012b16     0x1  Data  Gb  main.o [1]
pows                    0x0803d928    0x48  Data  Lc  xdtento.o [5]
pppfcs16                0x0802b92d    0x2e  Code  Gb  fppp3.o [1]
prepend_alloc           0x0803625d   0x36e  Code  Lc  dlmalloc.o [3]
prevDP                  0x20012930     0x8  Data  Gb  main.o [1]
prevPWMstab             0x20012ab6     0x2  Data  Gb  pwm.o [1]
prevPidPrescaler        0x20012aaa     0x2  Data  Gb  main.o [1]
proc_config             0x080213b5  0x1554  Code  Gb  base1.o [1]
proc_option             0x0802e121   0x500  Code  Gb  fppp3.o [1]
proc_ppp_packet         0x0802d697   0x9a0  Code  Gb  fppp3.o [1]
proc_udp_data           0x0802e72d   0xa88  Code  Gb  fppp3.o [1]
processedRegs           0x20012ab4     0x2  Data  Gb  modbus.o [1]
progVersionString       0x08044260    0x28  Data  Gb  main.o [1]
prov_ozu                0x20012a7a     0x2  Data  Gb  base1.o [1]
prov_uk_in              0x0802b88d    0x50  Code  Gb  fppp3.o [1]
prov_uk_in_ipcp         0x0802b8dd    0x50  Code  Gb  fppp3.o [1]
puk                     0x20012a38     0x4  Data  Gb  scenario_softAP.o [1]
q10Im                   0x200129f8     0x4  Data  Gb  main.o [1]
q10Real                 0x200129f4     0x4  Data  Gb  main.o [1]
rand                    0x080376dd    0xe0  Code  Gb  rand.o [3]
rcvd_protokol           0x20012ae5     0x1  Data  Gb  fppp3.o [1]
read_modbus             0x0803850d   0x18c  Code  Gb  read_write.o [1]
real_time               0x20012924     0x8  Data  Gb  fram1.o [1]
rec_ctrl_ch             0x08045458     0xc  Data  Gb  fppp3.o [1]
rec_evc                 0x08045664     0x8  Data  Gb  fppp3.o [1]
recive_buf1             0x08023de9   0x186  Code  Gb  interr4.o [1]
recive_buf2             0x08023f6f   0x186  Code  Gb  interr4.o [1]
recordType              0x080177d1    0x78  Code  Gb  archive.o [1]
regularStart            0x20012b19     0x1  Data  Gb  pwm.o [1]
rep                     0x20012abf     0x1  Data  Gb  at_com4.o [1]
req_out_ctrl_cl         0x0804544c     0xc  Data  Gb  base1.o [1]
reset_ESP               0x08022d25    0x2a  Code  Gb  scenario_softAP.o [1]
reset_uart_prep_sim800  0x0801f1e9    0x1e  Code  Gb  base1.o [1]
ret_version             0x08030741    0x98  Code  Gb  ldterm_stm.o [1]
rinatTimer              0x20012b10     0x1  Data  Gb  main.o [1]
rs232TxBuf              0x2000ad68   0x800  Data  Gb  main.o [1]
rs232TxPtr              0x20012a9a     0x2  Data  Gb  main.o [1]
rs485DataReady          0x20012b04     0x1  Data  Gb  main.o [1]
rs485InputByte          0x20012b02     0x1  Data  Gb  main.o [1]
rs485RxBuf              0x200034b4  0x13ec  Data  Gb  main.o [1]
rs485RxPtr              0x20012a96     0x2  Data  Gb  main.o [1]
rs485TxBuf              0x200048a0  0x13ec  Data  Gb  main.o [1]
rs485TxPtr              0x20012a98     0x2  Data  Gb  main.o [1]
rtcInit                 0x0800fbe3    0x9a  Code  Gb  sram_rtc.o [1]
run_ipcp_act            0x0802c9e9   0x6d4  Code  Gb  fppp3.o [1]
run_lcp_act             0x0802ba19   0x592  Code  Gb  fppp3.o [1]
s1                      0x080451d4    0x10  Data  Gb  coder.o [1]
s2                      0x080451e4    0x10  Data  Gb  coder.o [1]
sAnswerID               0x200128a0    0x10  Data  Gb  utils.o [1]
sFindChanel             0x20012940     0x8  Data  Gb  utils.o [1]
sID                     0x200128f8     0xc  Data  Gb  utils.o [1]
scalarProduct           0x20012a24     0x4  Data  Gb  main.o [1]
scalarProductMean       0x20012a34     0x4  Data  Gb  main.o [1]
scalarProductSum        0x20012a30     0x4  Data  Gb  main.o [1]
scenario                0x08022d5d   0xe30  Code  Gb  scenario_softAP.o [1]
segment_holding         0x080361dd    0x1a  Code  Lc  dlmalloc.o [3]
send_err485             0x08021221    0xae  Code  Gb  base1.o [1]
send_info               0x080229e1     0x2  Code  Gb  base1.o [1]
send_no_sinc            0x0802e037    0xb4  Code  Gb  fppp3.o [1]
send_size_pg            0x0802e639    0x8c  Code  Gb  fppp3.o [1]
send_terminate_lcp      0x0802b95b    0xbe  Code  Gb  fppp3.o [1]
sending_at_pac          0x0802f321    0x70  Code  Gb  at_com4.o [1]
sending_ppp_pac         0x08023bd9   0x210  Code  Gb  interr4.o [1]
serch_point_log         0x0802b5b3    0xf0  Code  Gb  logs.o [1]
setFreqRoutine          0x08018551   0x1c2  Code  Gb  pwm.o [1]
shl                     0x0802b6ad    0x20  Code  Gb  coder.o [1]
shortCurrentCheck       0x200004b0     0x2  Data  Gb  pwm.o [1]
sim800Data              0x20012afb     0x1  Data  Gb  interr4.o [1]
sim800Settings          0x20011ed4    0x58  Data  Gb  prepare_sim800.o [1]
sim800StructInit        0x08026655    0xc6  Code  Gb  prepare_sim800.o [1]
sim800StructToFlash     0x0802671b    0xc4  Code  Gb  prepare_sim800.o [1]
simka                   0x20012b30     0x1  Data  Gb  base1.o [1]
sin10Int8               0x200002f0    0x64  Data  Gb  main.o [1]
sinTable_q15            0x08041c18   0x404  Data  Gb  arm_common_tables.o [4]
slideWindow             0x200109b4   0x194  Data  Gb  main.o [1]
slideWindowFull         0x20012b14     0x1  Data  Gb  main.o [1]
slideWindowPtr          0x20012aa8     0x2  Data  Gb  main.o [1]
speed_modem             0x20012ac0     0x1  Data  Gb  at_com4.o [1]
sprintf                 0x08030895    0x34  Code  Gb  sprintf.o [3]
sqrt                    0x0800f955          Code  Gb  sqrt.o [5]
sqrtf                   0x0800f8d1          Code  Gb  sqrtf.o [5]
sqrtl                   0x0800f955          Code  Gb  sqrt.o [5]
stabState               0x20012b17     0x1  Data  Gb  pwm.o [1]
startTick               0x20012a00     0x4  Data  Gb  main.o [1]
start_func_stm_koff     0x0801fa71    0x5a  Code  Gb  base1.o [1]
start_func_stm_kon      0x0801fb61    0x20  Code  Gb  base1.o [1]
start_func_stm_off      0x0801f9f9    0x52  Code  Gb  base1.o [1]
start_func_stm_on       0x0801faf1    0x70  Code  Gb  base1.o [1]
start_func_stm_pwk      0x0801fb81    0x2e  Code  Gb  base1.o [1]
start_func_stm_scp      0x0801fbbd    0xf4  Code  Gb  base1.o [1]
stateDOUT               0x20012b0e     0x1  Data  Gb  main.o [1]
state_led_md            0x20012b00     0x1  Data  Gb  ledmd.o [1]
state_modem             0x20012ac1     0x1  Data  Gb  base1.o [1]
stm_base_sim            0x080453ec     0xc  Data  Gb  base1.o [1]
stm_pin1_err            0x080451b4    0x10  Data  Gb  at_com4.o [1]
stm_pin1_ok             0x08045194    0x10  Data  Gb  at_com4.o [1]
stm_pin2_err            0x080451c4    0x10  Data  Gb  at_com4.o [1]
stm_pin2_ok             0x080451a4    0x10  Data  Gb  at_com4.o [1]
stm_ppp                 0x0804564c     0x8  Data  Gb  base1.o [1]
stm_pwr_koff            0x080453e0     0xc  Data  Gb  base1.o [1]
stm_pwr_kon             0x080453c8     0xc  Data  Gb  base1.o [1]
stm_pwr_off             0x080453d4     0xc  Data  Gb  base1.o [1]
stm_pwr_on              0x080453bc     0xc  Data  Gb  base1.o [1]
stm_sc                  0x0804563c     0x8  Data  Gb  base1.o [1]
stm_scp                 0x08045644     0x8  Data  Gb  base1.o [1]
stm_si                  0x08045634     0x8  Data  Gb  base1.o [1]
stopTick                0x20012a04     0x4  Data  Gb  main.o [1]
strcat                  0x080384ef    0x1c  Code  Gb  strcat.o [3]
strchr                  0x0803c1d5          Code  Gb  strchr.o [6]
strlen                  0x08037869          Code  Gb  strlen.o [6]
supervisorwdt           0x0802f2f1    0x30  Code  Gb  spvisor.o [1]
swap                    0x0802b881     0xc  Code  Gb  fppp3.o [1]
swapregs                0x0801155f    0x2c  Code  Gb  modbus.o [1]
switchDOtoPWM           0x0801c385    0x26  Code  Gb  pwm.o [1]
switchPWMtoDO           0x0801c363    0x22  Code  Gb  pwm.o [1]
sys_alloc               0x080365cb   0x38c  Code  Lc  dlmalloc.o [3]
systemState             0x20012474    0x3c  Data  Gb  main.o [1]
systemTimeUpdate        0x0800fc7d    0x50  Code  Gb  sram_rtc.o [1]
tapRecord               0x20012830    0x10  Data  Gb  archive.o [1]
tapsConfig              0x20011f7c    0x50  Data  Gb  archive.o [1]
tapsUpdateCnt           0x20010b48   0x18c  Data  Gb  archive.o [1]
tcStart                 0x20012aae     0x2  Data  Gb  main.o [1]
tcTemp                  0x20012aac     0x2  Data  Gb  main.o [1]
tempSensor              0x2001215c    0x48  Data  Gb  DS18B20.o [1]
tempSensorsInit         0x0801e423   0x286  Code  Gb  DS18B20.o [1]
tempo_pac               0x20012afc     0x1  Data  Gb  interr4.o [1]
tiiInit                 0x08016795   0x16c  Code  Gb  archive.o [1]
tiiTask                 0x08016901   0xa96  Code  Gb  archive.o [1]
timeStampsUpdate        0x080173b1   0x3fc  Code  Gb  archive.o [1]
time_cnt_ch_time        0x20012aca     0x1  Data  Gb  base1.o [1]
titRoutine              0x08018713    0x7e  Code  Gb  pwm.o [1]
tmalloc_large           0x08036965   0x39a  Code  Lc  dlmalloc.o [3]
tmalloc_small           0x08036cff   0x210  Code  Lc  dlmalloc.o [3]
toUnix                  0x0800fd93    0x76  Code  Gb  sram_rtc.o [1]
transform_buf           0x0802b6f7   0x156  Code  Gb  coder.o [1]
u_2_date                0x20012b2b     0x1  Data  Gb  utils.o [1]
u_2_hor                 0x20012b29     0x1  Data  Gb  utils.o [1]
u_2_min                 0x20012b28     0x1  Data  Gb  utils.o [1]
u_2_month               0x20012b2a     0x1  Data  Gb  utils.o [1]
u_2_sec                 0x20012b27     0x1  Data  Gb  utils.o [1]
u_2_year                0x20012b2c     0x1  Data  Gb  utils.o [1]
udc_1kHz_data           0x20011720    0xc8  Data  Gb  main.o [1]
udc_1kHz_decimator      0x20012b0c     0x1  Data  Gb  main.o [1]
udc_1kHz_decimator_max  0x20012b0d     0x1  Data  Gb  main.o [1]
udc_1kHz_ptr            0x20012b0b     0x1  Data  Gb  main.o [1]
uk_in_act_IPCP          0x20012add     0x1  Data  Gb  fppp3.o [1]
uk_in_act_LCP           0x20012adb     0x1  Data  Gb  fppp3.o [1]
uk_out_act_IPCP         0x20012ade     0x1  Data  Gb  fppp3.o [1]
uk_out_act_LCP          0x20012adc     0x1  Data  Gb  fppp3.o [1]
unix                    0x20012954     0x4  Data  Gb  base1.o [1]
uwTick                  0x20012a4c     0x4  Data  Lc  stm32f4xx_hal.o [1]
val_DWord               0x20012a68     0x4  Data  Gb  utils.o [1]
val_Float               0x20012a60     0x4  Data  Gb  utils.o [1]
val_Integer             0x20012a64     0x4  Data  Gb  utils.o [1]
vcpDataLen              0x20012aa6     0x2  Data  Gb  main.o [1]
vcpDataPtr              0x20012a08     0x4  Data  Gb  main.o [1]
vcpDataRdy              0x20012b12     0x1  Data  Gb  main.o [1]
vd                      0x20012a1c     0x4  Data  Gb  main.o [1]
vectorPWM               0x20011ae8    0x90  Data  Gb  pwm.o [1]
vectorPWMInit           0x080182ff    0x42  Code  Gb  pwm.o [1]
vectorPWMSetPhi0        0x080182cd    0x32  Code  Gb  pwm.o [1]
vectorPWMcalc           0x080187d5  0x3a9e  Code  Gb  pwm.o [1]
versia                  0x08044238    0x28  Data  Gb  ldterm_stm.o [1]
vol_cnt_link_res        0x20012968     0x4  Data  Gb  base1.o [1]
vol_cnt_no_link         0x20012964     0x4  Data  Gb  base1.o [1]
vol_cnt_rst_ipcp        0x20012ae2     0x1  Data  Gb  fppp3.o [1]
vol_cnt_rst_lcp         0x20012ae0     0x1  Data  Gb  fppp3.o [1]
vol_cnt_rst_pap         0x20012ae4     0x1  Data  Gb  fppp3.o [1]
vol_tx_ppp              0x20012a7e     0x2  Data  Gb  base1.o [1]
voltageStabHyst         0x20012b15     0x1  Data  Gb  main.o [1]
voltageStabShift        0x20012ab0     0x2  Data  Gb  main.o [1]
vosstan_memory_no       0x080307d9    0xa6  Code  Gb  ldterm_stm.o [1]
vq                      0x20012a20     0x4  Data  Gb  main.o [1]
waitForWiFiFlag         0x20012b0f     0x1  Data  Gb  main.o [1]
wd_sec                  0x20012b1b     0x1  Data  Gb  scenario_softAP.o [1]
wd_sec_wait_rx          0x20012b1d     0x1  Data  Gb  scenario_softAP.o [1]
wifiDataReady           0x20012b05     0x1  Data  Gb  main.o [1]
wifiInputByte           0x20012b03     0x1  Data  Gb  main.o [1]
wifiRxBuf               0x2000b568   0x800  Data  Gb  main.o [1]
wifiRxPtr               0x20012a9c     0x2  Data  Gb  main.o [1]
wifiTimeOutTimer        0x200129fc     0x4  Data  Gb  main.o [1]
wifiTxBuf               0x2000bd68   0x800  Data  Gb  main.o [1]
wifiTxPtr               0x20012a9e     0x2  Data  Gb  main.o [1]
work_bit                0x20012b1c     0x1  Data  Gb  scenario_softAP.o [1]
write_log_info          0x0802b56d    0x46  Code  Gb  logs.o [1]
zamena                  0x0802b6cd    0x2a  Code  Gb  coder.o [1]
zapr_from_sim800        0x20012ad2     0x1  Data  Gb  fppp3.o [1]


[1] = F:\почта\UD\CHREP_V3_2\EWARM\vectorPWM Configuration\Obj
[2] = command line
[3] = dl7M_tln.a
[4] = iar_cortexM4lf_math.a
[5] = m7M_tlv.a
[6] = rt7M_tl.a
[7] = shb_l.a

  216 648 bytes of readonly  code memory
   68 567 bytes of readonly  data memory
   88 878 bytes of readwrite data memory

Errors: none
Warnings: none
